09-13 00:45:21.249  12727-12727/? V/Zygote: Switching descriptor 33 to /dev/null
09-13 00:45:21.249  12727-12727/? V/Zygote: Switching descriptor 10 to /dev/null
09-13 00:45:21.259  12727-12727/? D/dalvikvm: Late-enabling CheckJNI
09-13 00:45:21.319  12727-12727/amos.gltron D/ActivityThread: handleBindApplication:amos.gltron
09-13 00:45:21.319  12727-12727/amos.gltron D/ActivityThread: setTargetHeapUtilization:0.75
09-13 00:45:21.319  12727-12727/amos.gltron D/ActivityThread: setTargetHeapMinFree:524288
09-13 00:45:21.359  12727-12746/amos.gltron I/AMOS: CPU Usage: 0.0 Temperature: 49.75 Time: 6071354013126
09-13 00:45:21.359  12727-12727/amos.gltron E/GLTRON: Renderer Constructor: Create Video Object
09-13 00:45:21.359  12727-12727/amos.gltron E/GLTRON: Screen size = 1080,1776
09-13 00:45:21.409  12727-12727/amos.gltron I/Adreno-EGL: <qeglDrvAPI_eglInitialize:320>: EGL 1.4 QUALCOMM Build: I0404c4692afb8623f95c43aeb6d5e13ed4b30ddbDate: 11/06/13
09-13 00:45:21.439  12727-12727/amos.gltron D/OpenGLRenderer: Enabling debug mode 0
09-13 00:45:21.459  12727-12747/amos.gltron E/GLTRON: Renderer: Surface Created Do perspective
09-13 00:45:21.489  12727-12747/amos.gltron W/Adreno-ES20: <core_glTexParameteriv:566>: GL_INVALID_ENUM
09-13 00:45:21.519  12727-12747/amos.gltron E/GLTRON: Renderer: Surface changed
09-13 00:45:21.519  12727-12747/amos.gltron E/GLTRON: Screen size = 1080,1776
09-13 00:45:21.529  12727-12727/amos.gltron I/Timeline: Timeline: Activity_idle id: android.os.BinderProxy@41a9a6b8 time:6071529
09-13 00:45:21.609  12727-12746/amos.gltron I/AMOS: CPU Usage: 0.0 Temperature: 50.5 Time: 6071605377918
09-13 00:45:21.679  12727-12727/amos.gltron E/MediaPlayer: Should have subtitle controller already set
09-13 00:45:21.689  12727-12747/amos.gltron E/GLTRON: Start Read Mesh
09-13 00:45:21.689  12727-12747/amos.gltron E/GLTRON: Start Add Material, 2131034115
09-13 00:45:21.859  12727-12746/amos.gltron I/AMOS: CPU Usage: 0.0 Temperature: 50.5 Time: 6071856591511
09-13 00:45:22.109  12727-12746/amos.gltron I/AMOS: CPU Usage: 0.0 Temperature: 50.5 Time: 6072107579272
09-13 00:45:22.359  12727-12746/amos.gltron I/AMOS: CPU Usage: 0.0 Temperature: 50.5 Time: 6072359369740
09-13 00:45:22.619  12727-12746/amos.gltron I/AMOS: CPU Usage: 0.0 Temperature: 50.25 Time: 6072610955210
09-13 00:45:22.869  12727-12746/amos.gltron I/AMOS: CPU Usage: 0.0 Temperature: 50.25 Time: 6072869065209
09-13 00:45:23.179  12727-12746/amos.gltron I/AMOS: CPU Usage: 0.0 Temperature: 49.5 Time: 6073160712033
09-13 00:45:23.439  12727-12746/amos.gltron I/AMOS: CPU Usage: 0.0 Temperature: 50.0 Time: 6073435473647
09-13 00:45:23.709  12727-12746/amos.gltron I/AMOS: CPU Usage: 0.0 Temperature: 50.25 Time: 6073709776510
09-13 00:45:23.989  12727-12746/amos.gltron I/AMOS: CPU Usage: 0.0 Temperature: 50.5 Time: 6073980363178
09-13 00:45:24.379  12727-12746/amos.gltron I/AMOS: CPU Usage: 0.0 Temperature: 49.75 Time: 6074372775313
09-13 00:45:24.659  12727-12746/amos.gltron I/AMOS: CPU Usage: 0.0 Temperature: 50.5 Time: 6074653465261
09-13 00:45:24.909  12727-12746/amos.gltron I/AMOS: CPU Usage: 0.0 Temperature: 51.25 Time: 6074908436406
09-13 00:45:25.169  12727-12746/amos.gltron I/AMOS: CPU Usage: 0.0 Temperature: 50.5 Time: 6075162399844
09-13 00:45:25.419  12727-12746/amos.gltron I/AMOS: CPU Usage: 0.0 Temperature: 51.75 Time: 6075418997395
09-13 00:45:25.679  12727-12746/amos.gltron I/AMOS: CPU Usage: 0.0 Temperature: 51.75 Time: 6075674399687
09-13 00:45:25.979  12727-12746/amos.gltron I/AMOS: CPU Usage: 0.0 Temperature: 50.25 Time: 6075976662916
09-13 00:45:26.259  12727-12746/amos.gltron I/AMOS: CPU Usage: 0.0 Temperature: 50.25 Time: 6076251269687
09-13 00:45:26.589  12727-12746/amos.gltron I/AMOS: CPU Usage: 0.0 Temperature: 50.25 Time: 6076585913176
09-13 00:45:26.849  12727-12746/amos.gltron I/AMOS: CPU Usage: 0.0 Temperature: 51.5 Time: 6076841062968
09-13 00:45:27.139  12727-12746/amos.gltron I/AMOS: CPU Usage: 0.0 Temperature: 50.5 Time: 6077137599895
09-13 00:45:27.399  12727-12746/amos.gltron I/AMOS: CPU Usage: 0.0 Temperature: 50.5 Time: 6077391578281
09-13 00:45:27.649  12727-12746/amos.gltron I/AMOS: CPU Usage: 0.0 Temperature: 50.5 Time: 6077648673384
09-13 00:45:27.909  12727-12746/amos.gltron I/AMOS: CPU Usage: 0.0 Temperature: 50.75 Time: 6077905240780
09-13 00:45:28.209  12727-12746/amos.gltron I/AMOS: CPU Usage: 0.0 Temperature: 50.75 Time: 6078207587082
09-13 00:45:28.489  12727-12746/amos.gltron I/AMOS: CPU Usage: 0.0 Temperature: 50.75 Time: 6078487849790
09-13 00:45:28.749  12727-12746/amos.gltron I/AMOS: CPU Usage: 0.0 Temperature: 50.75 Time: 6078741515466
09-13 00:45:28.789  12727-12747/amos.gltron E/GLTRON: CalVertices...
09-13 00:45:28.789  12727-12747/amos.gltron E/GLTRON: Building Vertex Array
09-13 00:45:28.909  12727-12747/amos.gltron E/GLTRON: Start Read Mesh
09-13 00:45:28.929  12727-12747/amos.gltron E/GLTRON: Start Add Material, 2131034117
09-13 00:45:28.999  12727-12746/amos.gltron I/AMOS: CPU Usage: 0.0 Temperature: 51.0 Time: 6078992353123
09-13 00:45:29.159  12727-12747/amos.gltron E/GLTRON: CalVertices...
09-13 00:45:29.159  12727-12747/amos.gltron E/GLTRON: Building Vertex Array
09-13 00:45:29.159  12727-12747/amos.gltron W/Adreno-ES20: <core_glTexParameteriv:566>: GL_INVALID_ENUM
09-13 00:45:29.159  12727-12747/amos.gltron W/Adreno-ES20: <core_glTexParameteriv:566>: GL_INVALID_ENUM
09-13 00:45:29.159  12727-12747/amos.gltron W/Adreno-ES20: <core_glTexParameteriv:566>: GL_INVALID_ENUM
09-13 00:45:29.159  12727-12747/amos.gltron W/Adreno-ES20: <core_glTexParameteriv:566>: GL_INVALID_ENUM
09-13 00:45:29.159  12727-12747/amos.gltron W/Adreno-ES20: <core_glTexParameteriv:566>: GL_INVALID_ENUM
09-13 00:45:29.169  12727-12747/amos.gltron W/Adreno-ES20: <core_glTexParameteriv:566>: GL_INVALID_ENUM
09-13 00:45:29.169  12727-12747/amos.gltron W/Adreno-ES20: <core_glTexParameteriv:566>: GL_INVALID_ENUM
09-13 00:45:29.169  12727-12747/amos.gltron W/Adreno-ES20: <core_glTexParameteriv:566>: GL_INVALID_ENUM
09-13 00:45:29.189  12727-12747/amos.gltron W/Adreno-ES20: <core_glTexParameteriv:566>: GL_INVALID_ENUM
09-13 00:45:29.189  12727-12747/amos.gltron W/Adreno-ES20: <core_glTexParameteriv:566>: GL_INVALID_ENUM
09-13 00:45:29.199  12727-12747/amos.gltron W/Adreno-ES20: <core_glTexParameteriv:566>: GL_INVALID_ENUM
09-13 00:45:29.199  12727-12747/amos.gltron W/Adreno-ES20: <core_glTexParameteriv:566>: GL_INVALID_ENUM
09-13 00:45:29.199  12727-12747/amos.gltron W/Adreno-ES20: <core_glTexParameteriv:566>: GL_INVALID_ENUM
09-13 00:45:29.219  12727-12747/amos.gltron W/AudioTrack: AUDIO_OUTPUT_FLAG_FAST denied by client due to mismatching sample rate (22050 vs 48000)
09-13 00:45:29.249  12727-12746/amos.gltron I/AMOS: CPU Usage: 0.0 Temperature: 51.25 Time: 6079244546977
09-13 00:45:29.369  12727-12747/amos.gltron D/FPS: 10.796500603675534
09-13 00:45:29.389  12727-12747/amos.gltron D/FPS: 44.86044230422252
09-13 00:45:29.389  12727-12734/amos.gltron I/dalvikvm: Total arena pages for JIT: 11
09-13 00:45:29.409  12727-12747/amos.gltron D/FPS: 64.37854584959562
09-13 00:45:29.449  12727-12747/amos.gltron D/FPS: 20.735326946548515
09-13 00:45:29.519  12727-12746/amos.gltron I/AMOS: CPU Usage: 0.0 Temperature: 54.0 Time: 6079517312498
09-13 00:45:29.529  12727-12747/amos.gltron D/FPS: 13.95242357504177
09-13 00:45:29.539  12727-12747/amos.gltron D/FPS: 52.85848931388994
09-13 00:45:29.559  12727-12747/amos.gltron D/FPS: 58.43165579360677
09-13 00:45:29.579  12727-12747/amos.gltron D/FPS: 68.79821421851317
09-13 00:45:29.629  12727-12747/amos.gltron D/FPS: 18.97947766161979
09-13 00:45:29.659  12727-12747/amos.gltron D/FPS: 37.71235212656748
09-13 00:45:29.669  12727-12747/amos.gltron D/FPS: 51.92992907721866
09-13 00:45:29.699  12727-12747/amos.gltron D/FPS: 49.109379307046034
09-13 00:45:29.739  12727-12747/amos.gltron D/FPS: 22.55806112201405
09-13 00:45:29.779  12727-12746/amos.gltron I/AMOS: CPU Usage: 0.0 Temperature: 52.75 Time: 6079776489738
09-13 00:45:29.789  12727-12747/amos.gltron D/FPS: 19.474789087060447
09-13 00:45:29.809  12727-12747/amos.gltron D/FPS: 63.66258625564234
09-13 00:45:29.819  12727-12747/amos.gltron D/FPS: 66.34141241265075
09-13 00:45:29.849  12727-12747/amos.gltron D/FPS: 40.739506786346304
09-13 00:45:29.919  12727-12747/amos.gltron D/FPS: 13.211121301582923
09-13 00:45:29.939  12727-12747/amos.gltron D/FPS: 57.37457501935101
09-13 00:45:29.959  12727-12747/amos.gltron D/FPS: 62.72172915277119
09-13 00:45:29.969  12727-12747/amos.gltron D/FPS: 65.14923670502785
09-13 00:45:30.019  12727-12747/amos.gltron D/FPS: 19.466989543559638
09-13 00:45:30.029  12727-12746/amos.gltron I/AMOS: CPU Usage: 0.0 Temperature: 53.25 Time: 6080027530519
09-13 00:45:30.079  12727-12747/amos.gltron D/FPS: 16.521742894518816
09-13 00:45:30.099  12727-12747/amos.gltron D/FPS: 63.375749877716494
09-13 00:45:30.119  12727-12747/amos.gltron D/FPS: 54.43858763874967
09-13 00:45:30.149  12727-12747/amos.gltron D/FPS: 29.136335498609817
09-13 00:45:30.219  12727-12747/amos.gltron D/FPS: 14.548308976578692
09-13 00:45:30.259  12727-12747/amos.gltron D/FPS: 26.82826943040767
09-13 00:45:30.279  12727-12747/amos.gltron D/FPS: 50.263885398341294
09-13 00:45:30.279  12727-12746/amos.gltron I/AMOS: CPU Usage: 0.0 Temperature: 52.5 Time: 6080278699008
09-13 00:45:30.319  12727-12747/amos.gltron D/FPS: 25.786176690802183
09-13 00:45:30.399  12727-12727/amos.gltron W/AudioTrack: AUDIO_OUTPUT_FLAG_FAST denied by client due to mismatching sample rate (22050 vs 48000)
09-13 00:45:30.399  12727-12727/amos.gltron E/MediaPlayer: Should have subtitle controller already set
09-13 00:45:30.449  12727-12747/amos.gltron D/FPS: 7.489412423615576
09-13 00:45:30.469  12727-12747/amos.gltron D/FPS: 51.12052353550563
09-13 00:45:30.489  12727-12747/amos.gltron D/FPS: 43.466451223752294
09-13 00:45:30.509  12727-12747/amos.gltron D/FPS: 64.67673178902113
09-13 00:45:30.529  12727-12746/amos.gltron I/AMOS: CPU Usage: 0.0 Temperature: 53.25 Time: 6080529720362
09-13 00:45:30.559  12727-12747/amos.gltron D/FPS: 17.934120264596423
09-13 00:45:30.609  12727-12747/amos.gltron D/FPS: 20.64092209769233
09-13 00:45:30.629  12727-12747/amos.gltron D/FPS: 60.17393878745903
09-13 00:45:30.639  12727-12747/amos.gltron D/FPS: 69.72538448145825
09-13 00:45:30.659  12727-12747/amos.gltron D/FPS: 69.08387936655886
09-13 00:45:30.719  12727-12747/amos.gltron D/FPS: 16.69347499638795
09-13 00:45:30.759  12727-12747/amos.gltron D/FPS: 24.019876159283292
09-13 00:45:30.769  12727-12747/amos.gltron D/FPS: 82.16681111592061
09-13 00:45:30.779  12727-12747/amos.gltron D/FPS: 78.41535736544473
09-13 00:45:30.789  12727-12746/amos.gltron I/AMOS: CPU Usage: 0.0 Temperature: 54.0 Time: 6080780707342
09-13 00:45:30.799  12727-12747/amos.gltron D/FPS: 79.61386637895276
09-13 00:45:30.859  12727-12747/amos.gltron D/FPS: 16.295242682116122
09-13 00:45:30.879  12727-12747/amos.gltron D/FPS: 43.96902979829515
09-13 00:45:30.889  12727-12747/amos.gltron D/FPS: 85.63324241366543
09-13 00:45:30.899  12727-12747/amos.gltron D/FPS: 76.52939206964174
09-13 00:45:30.959  12727-12747/amos.gltron D/FPS: 19.89556895438121
09-13 00:45:31.039  12727-12746/amos.gltron I/AMOS: CPU Usage: 0.0 Temperature: 52.75 Time: 6081034105102
09-13 00:45:31.039  12727-12747/amos.gltron D/FPS: 11.538940005046902
09-13 00:45:31.059  12727-12747/amos.gltron D/FPS: 67.48989946164657
09-13 00:45:31.069  12727-12747/amos.gltron D/FPS: 74.03181013624297
09-13 00:45:31.089  12727-12747/amos.gltron D/FPS: 58.92950546123299
09-13 00:45:31.139  12727-12747/amos.gltron D/FPS: 18.91571597696845
09-13 00:45:31.189  12727-12747/amos.gltron D/FPS: 19.821932837860334
09-13 00:45:31.199  12727-12747/amos.gltron D/FPS: 73.48973271269784
09-13 00:45:31.219  12727-12747/amos.gltron D/FPS: 82.63572939211588
09-13 00:45:31.229  12727-12747/amos.gltron D/FPS: 81.09717996721241
09-13 00:45:31.289  12727-12747/amos.gltron D/FPS: 16.393456597700705
09-13 00:45:31.289  12727-12746/amos.gltron I/AMOS: CPU Usage: 0.0 Temperature: 53.5 Time: 6081285557967
09-13 00:45:31.339  12727-12747/amos.gltron D/FPS: 19.636660899706637
09-13 00:45:31.349  12727-12747/amos.gltron D/FPS: 98.76644658868595
09-13 00:45:31.359  12727-12747/amos.gltron D/FPS: 81.77415907134649
09-13 00:45:31.389  12727-12747/amos.gltron D/FPS: 36.88562428162941
09-13 00:45:31.449  12727-12747/amos.gltron D/FPS: 15.506981211927647
09-13 00:45:31.459  12727-12747/amos.gltron D/FPS: 98.84627614941168
09-13 00:45:31.479  12727-12747/amos.gltron D/FPS: 75.86293903494906
09-13 00:45:31.489  12727-12747/amos.gltron D/FPS: 97.41100068275371
09-13 00:45:31.519  12727-12747/amos.gltron D/FPS: 28.36301149039485
09-13 00:45:31.539  12727-12746/amos.gltron I/AMOS: CPU Usage: 0.0 Temperature: 53.5 Time: 6081538215674
09-13 00:45:31.589  12727-12747/amos.gltron D/FPS: 15.326514454658017
09-13 00:45:31.619  12727-12747/amos.gltron D/FPS: 37.577431115120035
09-13 00:45:31.629  12727-12747/amos.gltron D/FPS: 58.3847474284584
09-13 00:45:31.649  12727-12747/amos.gltron D/FPS: 76.54251343416789
09-13 00:45:31.689  12727-12747/amos.gltron D/FPS: 20.208803419572043
09-13 00:45:31.739  12727-12747/amos.gltron D/FPS: 20.993816628207043
09-13 00:45:31.759  12727-12747/amos.gltron D/FPS: 60.81568674958764
09-13 00:45:31.769  12727-12747/amos.gltron D/FPS: 97.86332075887525
09-13 00:45:31.779  12727-12747/amos.gltron D/FPS: 107.32913068233958
09-13 00:45:31.799  12727-12746/amos.gltron I/AMOS: CPU Usage: 0.0 Temperature: 53.5 Time: 6081798115830
09-13 00:45:31.809  12727-12747/amos.gltron D/FPS: 33.19806229549994
09-13 00:45:31.849  12727-12747/amos.gltron D/FPS: 22.731497169371682
09-13 00:45:31.869  12727-12747/amos.gltron D/FPS: 75.1965072726302
09-13 00:45:31.879  12727-12747/amos.gltron D/FPS: 79.49257662547812
09-13 00:45:31.899  12727-12747/amos.gltron D/FPS: 55.98059130507217
09-13 00:45:31.939  12727-12747/amos.gltron D/FPS: 21.59581870396581
09-13 00:45:31.999  12727-12747/amos.gltron D/FPS: 17.7356718738954
09-13 00:45:32.019  12727-12747/amos.gltron D/FPS: 42.47543433255377
09-13 00:45:32.039  12727-12747/amos.gltron D/FPS: 66.51653883850815
09-13 00:45:32.049  12727-12747/amos.gltron D/FPS: 58.014459756007426
09-13 00:45:32.059  12727-12746/amos.gltron I/AMOS: CPU Usage: 0.0 Temperature: 52.25 Time: 6082050369164
09-13 00:45:32.149  12727-12747/amos.gltron D/FPS: 10.038207928929488
09-13 00:45:32.169  12727-12747/amos.gltron D/FPS: 62.280030823632856
09-13 00:45:32.179  12727-12747/amos.gltron D/FPS: 74.62251640408122
09-13 00:45:32.209  12727-12747/amos.gltron D/FPS: 33.73404202708398
09-13 00:45:32.289  12727-12747/amos.gltron D/FPS: 13.840810335154531
09-13 00:45:32.319  12727-12746/amos.gltron I/AMOS: CPU Usage: 0.0 Temperature: 52.25 Time: 6082313072289
09-13 00:45:32.329  12727-12747/amos.gltron D/FPS: 23.491641075068642
09-13 00:45:32.339  12727-12747/amos.gltron D/FPS: 63.33143486802077
09-13 00:45:32.359  12727-12747/amos.gltron D/FPS: 56.91502467294777
09-13 00:45:32.379  12727-12747/amos.gltron D/FPS: 47.47633601376814
09-13 00:45:32.469  12727-12747/amos.gltron D/FPS: 11.285029974393815
09-13 00:45:32.479  12727-12747/amos.gltron D/FPS: 76.69906256104765
09-13 00:45:32.499  12727-12747/amos.gltron D/FPS: 64.88568861137423
09-13 00:45:32.509  12727-12747/amos.gltron D/FPS: 70.78132174350533
09-13 00:45:32.569  12727-12746/amos.gltron I/AMOS: CPU Usage: 0.0 Temperature: 52.0 Time: 6082564390830
09-13 00:45:32.589  12727-12747/amos.gltron D/FPS: 13.803823211785792
09-13 00:45:32.619  12727-12747/amos.gltron D/FPS: 32.26738875059445
09-13 00:45:32.639  12727-12747/amos.gltron D/FPS: 49.04452679020493
09-13 00:45:32.649  12727-12747/amos.gltron D/FPS: 99.72005588710812
09-13 00:45:32.709  12727-12747/amos.gltron D/FPS: 15.787811809283234
09-13 00:45:32.779  12727-12747/amos.gltron D/FPS: 14.994318577719309
09-13 00:45:32.789  12727-12747/amos.gltron D/FPS: 70.2442483833813
09-13 00:45:32.799  12727-12747/amos.gltron D/FPS: 84.12455279387734
09-13 00:45:32.809  12727-12747/amos.gltron D/FPS: 102.71005618753624
09-13 00:45:32.829  12727-12746/amos.gltron I/AMOS: CPU Usage: 0.0 Temperature: 53.5 Time: 6082820877133
09-13 00:45:32.879  12727-12747/amos.gltron D/FPS: 16.38247603235565
09-13 00:45:32.919  12727-12747/amos.gltron D/FPS: 21.891168885748918
09-13 00:45:32.969  12727-12747/amos.gltron D/FPS: 18.901972687367742
09-13 00:45:32.999  12727-12747/amos.gltron D/FPS: 39.78845750375891
09-13 00:45:33.079  12727-12746/amos.gltron I/AMOS: CPU Usage: 0.0 Temperature: 52.5 Time: 6083073836299
09-13 00:45:33.089  12727-12747/amos.gltron D/FPS: 11.352489508994157
09-13 00:45:33.119  12727-12747/amos.gltron D/FPS: 25.8145363926106
09-13 00:45:33.139  12727-12747/amos.gltron D/FPS: 59.896303924867034
09-13 00:45:33.159  12727-12747/amos.gltron D/FPS: 62.86898593708801
09-13 00:45:33.219  12727-12747/amos.gltron D/FPS: 15.696059002113632
09-13 00:45:33.269  12727-12747/amos.gltron D/FPS: 19.507397253807138
09-13 00:45:33.279  12727-12747/amos.gltron D/FPS: 94.99073032958078
09-13 00:45:33.289  12727-12747/amos.gltron D/FPS: 97.13305946990992
09-13 00:45:33.319  12727-12747/amos.gltron D/FPS: 33.63570373443428
09-13 00:45:33.339  12727-12746/amos.gltron I/AMOS: CPU Usage: 0.0 Temperature: 53.5 Time: 6083335699893
09-13 00:45:33.389  12727-12747/amos.gltron D/FPS: 16.096849204346427
09-13 00:45:33.399  12727-12747/amos.gltron D/FPS: 93.76373638738075
09-13 00:45:33.409  12727-12747/amos.gltron D/FPS: 100.27208831163362
09-13 00:45:33.429  12727-12747/amos.gltron D/FPS: 37.17846529600323
09-13 00:45:33.499  12727-12747/amos.gltron D/FPS: 15.859393157766151
09-13 00:45:33.509  12727-12747/amos.gltron D/FPS: 79.3936358696636
09-13 00:45:33.519  12727-12747/amos.gltron D/FPS: 80.11783731512308
09-13 00:45:33.539  12727-12747/amos.gltron D/FPS: 57.99763288461145
09-13 00:45:33.599  12727-12746/amos.gltron I/AMOS: CPU Usage: 0.0 Temperature: 53.5 Time: 6083594603851
09-13 00:45:33.609  12727-12747/amos.gltron D/FPS: 13.104317218618105
09-13 00:45:33.629  12727-12747/amos.gltron D/FPS: 87.6564163006573
09-13 00:45:33.639  12727-12747/amos.gltron D/FPS: 88.03624416957965
09-13 00:45:33.649  12727-12747/amos.gltron D/FPS: 87.22792193694137
09-13 00:45:33.719  12727-12747/amos.gltron D/FPS: 14.978269900485124
09-13 00:45:33.739  12727-12747/amos.gltron D/FPS: 43.34849056654483
09-13 00:45:33.749  12727-12747/amos.gltron D/FPS: 73.27629067209674
09-13 00:45:33.779  12727-12747/amos.gltron D/FPS: 42.640606547277514
09-13 00:45:33.849  12727-12746/amos.gltron I/AMOS: CPU Usage: 0.0 Temperature: 52.5 Time: 6083845952601
09-13 00:45:33.879  12727-12747/amos.gltron D/FPS: 9.266270737450597
09-13 00:45:33.919  12727-12747/amos.gltron D/FPS: 29.23704925898991
09-13 00:45:33.929  12727-12747/amos.gltron D/FPS: 92.74108136842804
09-13 00:45:33.939  12727-12747/amos.gltron D/FPS: 99.08551991955841
09-13 00:45:33.999  12727-12747/amos.gltron D/FPS: 17.105394081680753
09-13 00:45:34.039  12727-12747/amos.gltron D/FPS: 26.17961551464752
09-13 00:45:34.049  12727-12747/amos.gltron D/FPS: 73.75056041207093
09-13 00:45:34.059  12727-12747/amos.gltron D/FPS: 65.49213079302456
09-13 00:45:34.099  12727-12746/amos.gltron I/AMOS: CPU Usage: 0.0 Temperature: 52.75 Time: 6084099565777
09-13 00:45:34.169  12727-12747/amos.gltron D/FPS: 9.233521587294808
09-13 00:45:34.229  12727-12747/amos.gltron D/FPS: 18.61720660692641
09-13 00:45:34.249  12727-12747/amos.gltron D/FPS: 49.38881343375726
09-13 00:45:34.259  12727-12747/amos.gltron D/FPS: 89.09471748510559
09-13 00:45:34.299  12727-12747/amos.gltron D/FPS: 21.671994365281464
09-13 00:45:34.359  12727-12746/amos.gltron I/AMOS: CPU Usage: 0.0 Temperature: 52.5 Time: 6084356354996
09-13 00:45:34.369  12727-12747/amos.gltron D/FPS: 15.265645978098409
09-13 00:45:34.379  12727-12747/amos.gltron D/FPS: 71.99370659814402
09-13 00:45:34.399  12727-12747/amos.gltron D/FPS: 70.80559347195086
09-13 00:45:34.409  12727-12747/amos.gltron D/FPS: 57.90510337942869
09-13 00:45:34.469  12727-12747/amos.gltron D/FPS: 18.78735442712359
09-13 00:45:34.479  12727-12747/amos.gltron D/FPS: 76.87380081675339
09-13 00:45:34.499  12727-12747/amos.gltron D/FPS: 68.97592071300686
09-13 00:45:34.549  12727-12747/amos.gltron D/FPS: 19.81831166415651
09-13 00:45:34.579  12727-12747/amos.gltron D/FPS: 33.24157218940928
09-13 00:45:34.589  12727-12747/amos.gltron D/FPS: 77.73153874011633
09-13 00:45:34.599  12727-12747/amos.gltron D/FPS: 78.68981458712437
09-13 00:45:34.609  12727-12746/amos.gltron I/AMOS: CPU Usage: 0.0 Temperature: 52.5 Time: 6084607853225
09-13 00:45:34.619  12727-12747/amos.gltron D/FPS: 58.160313670203685
09-13 00:45:34.649  12727-12747/amos.gltron D/FPS: 33.74222385144675
09-13 00:45:34.669  12727-12747/amos.gltron D/FPS: 49.395292944712246
09-13 00:45:34.689  12727-12747/amos.gltron D/FPS: 38.21024876056461
09-13 00:45:34.769  12727-12747/amos.gltron D/FPS: 12.812180139919
09-13 00:45:34.869  12727-12746/amos.gltron I/AMOS: CPU Usage: 0.0 Temperature: 52.25 Time: 6084867934892
09-13 00:45:34.879  12727-12747/amos.gltron D/FPS: 9.425672207601487
09-13 00:45:34.899  12727-12747/amos.gltron D/FPS: 56.65003421662067
09-13 00:45:34.909  12727-12747/amos.gltron D/FPS: 69.56975696918519
09-13 00:45:34.969  12727-12747/amos.gltron D/FPS: 17.198491018156858
09-13 00:45:35.009  12727-12747/amos.gltron D/FPS: 25.956854671905486
09-13 00:45:35.019  12727-12747/amos.gltron D/FPS: 92.26998937049723
09-13 00:45:35.029  12727-12747/amos.gltron D/FPS: 95.80598751015663
09-13 00:45:35.089  12727-12747/amos.gltron D/FPS: 16.28084483387791
09-13 00:45:35.119  12727-12746/amos.gltron I/AMOS: CPU Usage: 0.0 Temperature: 53.5 Time: 6085118763485
09-13 00:45:35.119  12727-12747/amos.gltron D/FPS: 29.046547091714473
09-13 00:45:35.129  12727-12747/amos.gltron D/FPS: 95.91367462360117
09-13 00:45:35.149  12727-12747/amos.gltron D/FPS: 99.3428964116849
09-13 00:45:35.209  12727-12747/amos.gltron D/FPS: 14.59038614361533
09-13 00:45:35.249  12727-12747/amos.gltron D/FPS: 25.67788987317947
09-13 00:45:35.269  12727-12747/amos.gltron D/FPS: 59.26565819432474
09-13 00:45:35.279  12727-12747/amos.gltron D/FPS: 90.57202300855444
09-13 00:45:35.379  12727-12746/amos.gltron I/AMOS: CPU Usage: 0.0 Temperature: 53.0 Time: 6085372748121
09-13 00:45:35.389  12727-12747/amos.gltron D/FPS: 9.411903071930338
09-13 00:45:35.409  12727-12747/amos.gltron D/FPS: 37.91289656084154
09-13 00:45:35.449  12727-12747/amos.gltron D/FPS: 24.32532080780401
09-13 00:45:35.479  12727-12747/amos.gltron D/FPS: 35.3162551222255
09-13 00:45:35.549  12727-12747/amos.gltron D/FPS: 14.473110884899604
09-13 00:45:35.569  12727-12747/amos.gltron D/FPS: 46.05940170495324
09-13 00:45:35.579  12727-12747/amos.gltron D/FPS: 97.63142263432229
09-13 00:45:35.599  12727-12747/amos.gltron D/FPS: 51.83067498984378
09-13 00:45:35.629  12727-12746/amos.gltron I/AMOS: CPU Usage: 0.0 Temperature: 52.5 Time: 6085623780725
09-13 00:45:35.679  12727-12747/amos.gltron D/FPS: 13.655790052934076
09-13 00:45:35.689  12727-12747/amos.gltron D/FPS: 93.31078322738672
09-13 00:45:35.699  12727-12747/amos.gltron D/FPS: 96.56101796942608
09-13 00:45:35.739  12727-12747/amos.gltron D/FPS: 24.75241152844557
09-13 00:45:35.809  12727-12747/amos.gltron D/FPS: 14.579362643917262
09-13 00:45:35.829  12727-12747/amos.gltron D/FPS: 40.881595248904524
09-13 00:45:35.839  12727-12747/amos.gltron D/FPS: 70.32065444901552
09-13 00:45:35.879  12727-12746/amos.gltron I/AMOS: CPU Usage: 0.0 Temperature: 52.75 Time: 6085874733329
09-13 00:45:35.909  12727-12747/amos.gltron D/FPS: 15.504977663761752
09-13 00:45:35.949  12727-12747/amos.gltron D/FPS: 25.61666813065925
09-13 00:45:35.969  12727-12747/amos.gltron D/FPS: 40.45691063909943
09-13 00:45:35.999  12727-12747/amos.gltron D/FPS: 45.268924345622985
09-13 00:45:36.089  12727-12747/amos.gltron D/FPS: 10.295044231319183
09-13 00:45:36.129  12727-12747/amos.gltron D/FPS: 26.914806106678824
09-13 00:45:36.129  12727-12746/amos.gltron I/AMOS: CPU Usage: 0.0 Temperature: 52.25 Time: 6086125784631
09-13 00:45:36.149  12727-12747/amos.gltron D/FPS: 62.95288304059403
09-13 00:45:36.159  12727-12747/amos.gltron D/FPS: 72.74242960442304
09-13 00:45:36.249  12727-12747/amos.gltron D/FPS: 11.136083530960768
09-13 00:45:36.259  12727-12747/amos.gltron D/FPS: 81.84317374732885
09-13 00:45:36.269  12727-12747/amos.gltron D/FPS: 93.03948363086585
09-13 00:45:36.299  12727-12747/amos.gltron D/FPS: 31.729873685593947
09-13 00:45:36.379  12727-12746/amos.gltron I/AMOS: CPU Usage: 0.0 Temperature: 52.5 Time: 6086377068537
09-13 00:45:36.399  12727-12747/amos.gltron D/FPS: 10.761354533847447
09-13 00:45:36.409  12727-12747/amos.gltron D/FPS: 86.821653737186
09-13 00:45:36.419  12727-12747/amos.gltron D/FPS: 86.38064824703
09-13 00:45:36.479  12727-12747/amos.gltron D/FPS: 17.512559788973654
09-13 00:45:36.519  12727-12747/amos.gltron D/FPS: 21.816322750155173
09-13 00:45:36.549  12727-12747/amos.gltron D/FPS: 32.65694913425448
09-13 00:45:36.559  12727-12747/amos.gltron D/FPS: 91.78741300847932
09-13 00:45:36.629  12727-12746/amos.gltron I/AMOS: CPU Usage: 0.0 Temperature: 52.5 Time: 6086627961296
09-13 00:45:36.639  12727-12747/amos.gltron D/FPS: 12.615469391338925
09-13 00:45:36.719  12727-12747/amos.gltron D/FPS: 12.635959927782457
09-13 00:45:36.749  12727-12747/amos.gltron D/FPS: 39.545963304272455
09-13 00:45:36.779  12727-12747/amos.gltron D/FPS: 32.92231903103294
09-13 00:45:36.889  12727-12746/amos.gltron I/AMOS: CPU Usage: 0.0 Temperature: 52.25 Time: 6086880929423
09-13 00:45:36.969  12727-12747/amos.gltron D/FPS: 5.129675240517007
09-13 00:45:36.989  12727-12747/amos.gltron D/FPS: 70.76071662208152
09-13 00:45:36.999  12727-12747/amos.gltron D/FPS: 76.17445198766187
09-13 00:45:37.069  12727-12747/amos.gltron D/FPS: 13.673947724771327
09-13 00:45:37.139  12727-12746/amos.gltron I/AMOS: CPU Usage: 0.0 Temperature: 53.0 Time: 6087136613120
09-13 00:45:37.149  12727-12747/amos.gltron D/FPS: 12.993314407011702
09-13 00:45:37.169  12727-12747/amos.gltron D/FPS: 57.76764225238579
09-13 00:45:37.199  12727-12747/amos.gltron D/FPS: 34.59958232076214
09-13 00:45:37.299  12727-12747/amos.gltron D/FPS: 9.321080636127961
09-13 00:45:37.319  12727-12747/amos.gltron D/FPS: 74.3315972693247
09-13 00:45:37.329  12727-12747/amos.gltron D/FPS: 71.83021004805512
09-13 00:45:37.389  12727-12747/amos.gltron D/FPS: 18.540872286856217
09-13 00:45:37.389  12727-12746/amos.gltron I/AMOS: CPU Usage: 0.0 Temperature: 52.25 Time: 6087389766505
09-13 00:45:37.419  12727-12747/amos.gltron D/FPS: 31.186296142698012
09-13 00:45:37.429  12727-12747/amos.gltron D/FPS: 79.4130107894487
09-13 00:45:37.449  12727-12747/amos.gltron D/FPS: 47.48983907403172
09-13 00:45:37.539  12727-12747/amos.gltron D/FPS: 11.174387445781313
09-13 00:45:37.579  12727-12747/amos.gltron D/FPS: 27.297115756722317
09-13 00:45:37.589  12727-12747/amos.gltron D/FPS: 59.8809889297417
09-13 00:45:37.649  12727-12746/amos.gltron I/AMOS: CPU Usage: 0.0 Temperature: 52.25 Time: 6087641060516
09-13 00:45:37.679  12727-12747/amos.gltron D/FPS: 11.634304762102435
09-13 00:45:37.719  12727-12747/amos.gltron D/FPS: 23.923802688437327
09-13 00:45:37.729  12727-12747/amos.gltron D/FPS: 84.31999674862092
09-13 00:45:37.749  12727-12747/amos.gltron D/FPS: 77.86898138962492
09-13 00:45:37.829  12727-12747/amos.gltron D/FPS: 12.383174040310204
09-13 00:45:37.839  12727-12747/amos.gltron D/FPS: 74.6895714685837
09-13 00:45:37.849  12727-12747/amos.gltron D/FPS: 85.4757984678976
09-13 00:45:37.899  12727-12746/amos.gltron I/AMOS: CPU Usage: 0.0 Temperature: 52.25 Time: 6087892191922
09-13 00:45:37.939  12727-12747/amos.gltron D/FPS: 11.541471687448452
09-13 00:45:37.959  12727-12747/amos.gltron D/FPS: 38.2356642163851
09-13 00:45:37.979  12727-12747/amos.gltron D/FPS: 86.0265078640272
09-13 00:45:38.079  12727-12747/amos.gltron D/FPS: 9.982810897400094
09-13 00:45:38.139  12727-12747/amos.gltron D/FPS: 15.46991052126405
09-13 00:45:38.149  12727-12746/amos.gltron I/AMOS: CPU Usage: 0.0 Temperature: 52.5 Time: 6088145809943
09-13 00:45:38.159  12727-12747/amos.gltron D/FPS: 44.53309895860239
09-13 00:45:38.199  12727-12747/amos.gltron D/FPS: 31.041289042918525
09-13 00:45:38.289  12727-12747/amos.gltron D/FPS: 10.133450243624358
09-13 00:45:38.309  12727-12747/amos.gltron D/FPS: 62.41365460970089
09-13 00:45:38.329  12727-12747/amos.gltron D/FPS: 68.89597981623375
09-13 00:45:38.409  12727-12746/amos.gltron I/AMOS: CPU Usage: 0.0 Temperature: 53.5 Time: 6088405247391
09-13 00:45:38.409  12727-12747/amos.gltron D/FPS: 11.638662996018576
09-13 00:45:38.419  12727-12747/amos.gltron D/FPS: 86.50129924951473
09-13 00:45:38.429  12727-12747/amos.gltron D/FPS: 102.51645081486227
09-13 00:45:38.509  12727-12747/amos.gltron D/FPS: 12.368265144139825
09-13 00:45:38.549  12727-12747/amos.gltron D/FPS: 25.668895479748578
09-13 00:45:38.569  12727-12747/amos.gltron D/FPS: 50.71851139951798
09-13 00:45:38.659  12727-12746/amos.gltron I/AMOS: CPU Usage: 0.0 Temperature: 53.0 Time: 6088658467234
09-13 00:45:38.669  12727-12747/amos.gltron D/FPS: 10.544282692218978
09-13 00:45:38.739  12727-12747/amos.gltron D/FPS: 14.493716300026131
09-13 00:45:38.749  12727-12747/amos.gltron D/FPS: 59.05148900101061
09-13 00:45:38.769  12727-12747/amos.gltron D/FPS: 48.72329616216828
09-13 00:45:38.839  12727-12747/amos.gltron D/FPS: 15.421215861090623
09-13 00:45:38.849  12727-12747/amos.gltron D/FPS: 74.42553349524856
09-13 00:45:38.869  12727-12747/amos.gltron D/FPS: 70.81055711763645
09-13 00:45:38.919  12727-12746/amos.gltron I/AMOS: CPU Usage: 0.0 Temperature: 52.5 Time: 6088911486558
09-13 00:45:38.999  12727-12747/amos.gltron D/FPS: 7.699658734185651
09-13 00:45:39.009  12727-12747/amos.gltron D/FPS: 63.700187170259966
09-13 00:45:39.019  12727-12747/amos.gltron D/FPS: 77.3158533528561
09-13 00:45:39.119  12727-12747/amos.gltron D/FPS: 10.067610346068367
09-13 00:45:39.129  12727-12747/amos.gltron D/FPS: 89.49171302262825
09-13 00:45:39.149  12727-12747/amos.gltron D/FPS: 86.93014033132553
09-13 00:45:39.169  12727-12746/amos.gltron I/AMOS: CPU Usage: 0.0 Temperature: 53.25 Time: 6089162752756
09-13 00:45:39.229  12727-12747/amos.gltron D/FPS: 11.454419143541626
09-13 00:45:39.299  12727-12747/amos.gltron D/FPS: 14.63347677067264
09-13 00:45:39.319  12727-12747/amos.gltron D/FPS: 54.3473653158158
09-13 00:45:39.419  12727-12747/amos.gltron D/FPS: 10.34694603420959
09-13 00:45:39.419  12727-12746/amos.gltron I/AMOS: CPU Usage: 0.0 Temperature: 52.5 Time: 6089415253223
09-13 00:45:39.469  12727-12747/amos.gltron D/FPS: 19.07543721188221
09-13 00:45:39.479  12727-12747/amos.gltron D/FPS: 69.77226263703011
09-13 00:45:39.519  12727-12747/amos.gltron D/FPS: 25.62979913183156
09-13 00:45:39.579  12727-12747/amos.gltron D/FPS: 18.396214015004798
09-13 00:45:39.589  12727-12747/amos.gltron D/FPS: 97.81495093699876
09-13 00:45:39.659  12727-12747/amos.gltron D/FPS: 14.477640016115929
09-13 00:45:39.679  12727-12746/amos.gltron I/AMOS: CPU Usage: 0.0 Temperature: 52.75 Time: 6089674835046
09-13 00:45:39.759  12727-12747/amos.gltron D/FPS: 9.204620207567315
09-13 00:45:39.779  12727-12747/amos.gltron D/FPS: 58.06691410527218
09-13 00:45:39.799  12727-12747/amos.gltron D/FPS: 53.79326720240099
09-13 00:45:39.879  12727-12747/amos.gltron D/FPS: 12.966139354957129
09-13 00:45:39.889  12727-12747/amos.gltron D/FPS: 82.89833812043604
09-13 00:45:39.909  12727-12747/amos.gltron D/FPS: 44.110146387901715
09-13 00:45:39.929  12727-12746/amos.gltron I/AMOS: CPU Usage: 0.0 Temperature: 53.5 Time: 6089925868952
09-13 00:45:39.979  12727-12747/amos.gltron D/FPS: 15.508922740765984
09-13 00:45:39.989  12727-12747/amos.gltron D/FPS: 107.84578053383662
09-13 00:45:39.999  12727-12747/amos.gltron D/FPS: 80.53083348446286
09-13 00:45:40.079  12727-12747/amos.gltron D/FPS: 11.733746736698361
09-13 00:45:40.099  12727-12747/amos.gltron D/FPS: 82.9825247101213
09-13 00:45:40.109  12727-12747/amos.gltron D/FPS: 92.53146185367352
09-13 00:45:40.189  12727-12746/amos.gltron I/AMOS: CPU Usage: 0.0 Temperature: 53.75 Time: 6090183571140
09-13 00:45:40.189  12727-12747/amos.gltron D/FPS: 12.03381497193588
09-13 00:45:40.199  12727-12747/amos.gltron D/FPS: 72.80228290486642
09-13 00:45:40.219  12727-12747/amos.gltron D/FPS: 84.24451498705709
09-13 00:45:40.319  12727-12747/amos.gltron D/FPS: 9.64974932122457
09-13 00:45:40.369  12727-12747/amos.gltron D/FPS: 19.984137790470193
09-13 00:45:40.389  12727-12747/amos.gltron D/FPS: 48.1309153195746
09-13 00:45:40.439  12727-12746/amos.gltron I/AMOS: CPU Usage: 0.0 Temperature: 53.5 Time: 6090435859317
09-13 00:45:40.539  12727-12747/amos.gltron D/FPS: 6.482844277393361
09-13 00:45:40.559  12727-12747/amos.gltron D/FPS: 66.66342238011083
09-13 00:45:40.569  12727-12747/amos.gltron D/FPS: 72.1780111854264
09-13 00:45:40.659  12727-12747/amos.gltron D/FPS: 11.586191970340275
09-13 00:45:40.669  12727-12747/amos.gltron D/FPS: 78.645009403977
09-13 00:45:40.679  12727-12747/amos.gltron D/FPS: 84.4208426280681
09-13 00:45:40.689  12727-12746/amos.gltron I/AMOS: CPU Usage: 0.0 Temperature: 52.75 Time: 6090688848900
09-13 00:45:40.769  12727-12747/amos.gltron D/FPS: 11.672349719752136
09-13 00:45:40.779  12727-12747/amos.gltron D/FPS: 70.27201453562566
09-13 00:45:40.819  12727-12747/amos.gltron D/FPS: 27.33998936310374
09-13 00:45:40.949  12727-12746/amos.gltron I/AMOS: CPU Usage: 0.0 Temperature: 52.75 Time: 6090939996296
09-13 00:45:40.949  12727-12747/amos.gltron D/FPS: 7.878164190789441
09-13 00:45:40.959  12727-12747/amos.gltron D/FPS: 73.19611647756572
09-13 00:45:40.969  12727-12747/amos.gltron D/FPS: 76.72481410152979
09-13 00:45:41.079  12727-12747/amos.gltron D/FPS: 9.352509231932007
09-13 00:45:41.109  12727-12747/amos.gltron D/FPS: 30.36783065245618
09-13 00:45:41.149  12727-12747/amos.gltron D/FPS: 30.19485038904555
09-13 00:45:41.199  12727-12746/amos.gltron I/AMOS: CPU Usage: 0.0 Temperature: 53.5 Time: 6091196392181
09-13 00:45:41.279  12727-12747/amos.gltron D/FPS: 7.328700260944968
09-13 00:45:41.299  12727-12747/amos.gltron D/FPS: 57.143196736712035
09-13 00:45:41.399  12727-12747/amos.gltron D/FPS: 10.266204742206359
09-13 00:45:41.449  12727-12746/amos.gltron I/AMOS: CPU Usage: 0.0 Temperature: 53.0 Time: 6091447577962
09-13 00:45:41.459  12727-12747/amos.gltron D/FPS: 16.297691016476396
09-13 00:45:41.469  12727-12747/amos.gltron D/FPS: 73.57590524482897
09-13 00:45:41.549  12727-12747/amos.gltron W/AudioTrack: AUDIO_OUTPUT_FLAG_FAST denied by client due to mismatching sample rate (22050 vs 48000)
09-13 00:45:41.549  12727-12747/amos.gltron E/GLTRON: Wall CRASH
09-13 00:45:41.569  12727-12747/amos.gltron D/FPS: 10.56020794316665
09-13 00:45:41.599  12727-12747/amos.gltron D/FPS: 30.98883481578238
09-13 00:45:41.619  12727-12747/amos.gltron D/FPS: 63.07427948831369
09-13 00:45:41.709  12727-12746/amos.gltron I/AMOS: CPU Usage: 0.0 Temperature: 53.75 Time: 6091701392182
09-13 00:45:41.709  12727-12747/amos.gltron D/FPS: 10.690208844133783
09-13 00:45:41.789  12727-12747/amos.gltron D/FPS: 12.260646133599112
09-13 00:45:41.819  12727-12747/amos.gltron D/FPS: 30.056591753216626
09-13 00:45:41.879  12727-12747/amos.gltron D/FPS: 19.613571453858928
09-13 00:45:41.929  12727-12747/amos.gltron D/FPS: 19.073409930876053
09-13 00:45:41.939  12727-12747/amos.gltron D/FPS: 63.456181539505344
09-13 00:45:41.959  12727-12746/amos.gltron I/AMOS: CPU Usage: 0.0 Temperature: 52.75 Time: 6091955366399
09-13 00:45:42.029  12727-12747/amos.gltron D/FPS: 11.317478157578387
09-13 00:45:42.109  12727-12747/amos.gltron D/FPS: 12.43814943620605
09-13 00:45:42.129  12727-12747/amos.gltron D/FPS: 59.30941657386226
09-13 00:45:42.209  12727-12746/amos.gltron I/AMOS: CPU Usage: 0.0 Temperature: 53.0 Time: 6092206946191
09-13 00:45:42.229  12727-12747/amos.gltron D/FPS: 9.572760701764919
09-13 00:45:42.279  12727-12747/amos.gltron D/FPS: 23.626465393123002
09-13 00:45:42.289  12727-12747/amos.gltron D/FPS: 69.94510078984106
09-13 00:45:42.369  12727-12747/amos.gltron D/FPS: 12.835485743747922
09-13 00:45:42.399  12727-12747/amos.gltron D/FPS: 34.60475829268428
09-13 00:45:42.409  12727-12747/amos.gltron D/FPS: 77.5062398336034
09-13 00:45:42.459  12727-12746/amos.gltron I/AMOS: CPU Usage: 0.0 Temperature: 53.75 Time: 6092457934680
09-13 00:45:42.489  12727-12747/amos.gltron D/FPS: 12.833666835416551
09-13 00:45:42.529  12727-12747/amos.gltron D/FPS: 24.17475368585217
09-13 00:45:42.549  12727-12747/amos.gltron D/FPS: 42.68563866871518
09-13 00:45:42.619  12727-12747/amos.gltron D/FPS: 15.752230271646896
09-13 00:45:42.639  12727-12747/amos.gltron D/FPS: 46.30277225347119
09-13 00:45:42.709  12727-12746/amos.gltron I/AMOS: CPU Usage: 0.0 Temperature: 54.5 Time: 6092708816034
09-13 00:45:42.719  12727-12747/amos.gltron D/FPS: 12.628978334975038
09-13 00:45:42.739  12727-12747/amos.gltron D/FPS: 37.99677939297865
09-13 00:45:42.809  12727-12747/amos.gltron D/FPS: 14.700849257771027
09-13 00:45:42.859  12727-12747/amos.gltron D/FPS: 21.945590735800543
09-13 00:45:42.889  12727-12747/amos.gltron D/FPS: 30.091874706340917
09-13 00:45:42.939  12727-12747/amos.gltron D/FPS: 19.84383300303273
09-13 00:45:42.959  12727-12746/amos.gltron I/AMOS: CPU Usage: 0.0 Temperature: 54.25 Time: 6092959757336
09-13 00:45:42.969  12727-12747/amos.gltron D/FPS: 33.10812962839237
09-13 00:45:43.019  12727-12747/amos.gltron D/FPS: 19.134902998766506
09-13 00:45:43.059  12727-12747/amos.gltron D/FPS: 26.035521876698738
09-13 00:45:43.169  12727-12747/amos.gltron D/FPS: 9.465994654249906
09-13 00:45:43.189  12727-12747/amos.gltron D/FPS: 39.012655237207085
09-13 00:45:43.219  12727-12746/amos.gltron I/AMOS: CPU Usage: 0.0 Temperature: 53.25 Time: 6093214350826
09-13 00:45:43.269  12727-12747/amos.gltron D/FPS: 13.394043532221977
09-13 00:45:43.289  12727-12747/amos.gltron D/FPS: 45.809504565169085
09-13 00:45:43.359  12727-12747/amos.gltron D/FPS: 13.18314635984458
09-13 00:45:43.379  12727-12747/amos.gltron D/FPS: 50.43354439939776
09-13 00:45:43.489  12727-12747/amos.gltron D/FPS: 9.79551346480016
09-13 00:45:43.489  12727-12746/amos.gltron I/AMOS: CPU Usage: 0.0 Temperature: 53.0 Time: 6093483275201
09-13 00:45:43.499  12727-12747/amos.gltron D/FPS: 63.36362241211877
09-13 00:45:43.519  12727-12747/amos.gltron D/FPS: 70.94451698915442
09-13 00:45:43.599  12727-12747/amos.gltron D/FPS: 12.234816769793529
09-13 00:45:43.609  12727-12747/amos.gltron D/FPS: 66.42817181566926
09-13 00:45:43.629  12727-12747/amos.gltron D/FPS: 68.50952258385583
09-13 00:45:43.719  12727-12747/amos.gltron D/FPS: 10.558309133248871
09-13 00:45:43.739  12727-12747/amos.gltron D/FPS: 60.737773228113646
09-13 00:45:43.739  12727-12746/amos.gltron I/AMOS: CPU Usage: 0.0 Temperature: 53.0 Time: 6093735048535
09-13 00:45:43.759  12727-12747/amos.gltron D/FPS: 51.50864175935389
09-13 00:45:43.849  12727-12747/amos.gltron D/FPS: 10.692911805633317
09-13 00:45:43.869  12727-12747/amos.gltron D/FPS: 67.11362101139555
09-13 00:45:43.909  12727-12747/amos.gltron D/FPS: 24.574742075180183
09-13 00:45:43.979  12727-12747/amos.gltron D/FPS: 13.348090448209255
09-13 00:45:43.989  12727-12746/amos.gltron I/AMOS: CPU Usage: 0.0 Temperature: 53.0 Time: 6093987233274
09-13 00:45:44.009  12727-12747/amos.gltron D/FPS: 33.096714988863454
09-13 00:45:44.039  12727-12747/amos.gltron D/FPS: 34.11174400145835
09-13 00:45:44.109  12727-12747/amos.gltron D/FPS: 15.726283902860443
09-13 00:45:44.119  12727-12747/amos.gltron D/FPS: 69.18121472666053
09-13 00:45:44.189  12727-12747/amos.gltron D/FPS: 14.354109979295918
09-13 00:45:44.249  12727-12746/amos.gltron I/AMOS: CPU Usage: 0.0 Temperature: 53.0 Time: 6094241081504
09-13 00:45:44.249  12727-12747/amos.gltron D/FPS: 16.90624506548972
09-13 00:45:44.269  12727-12747/amos.gltron D/FPS: 59.83787645429227
09-13 00:45:44.309  12727-12747/amos.gltron D/FPS: 22.54648476403255
09-13 00:45:44.339  12727-12747/amos.gltron D/FPS: 33.39676380683165
09-13 00:45:44.349  12727-12747/amos.gltron D/FPS: 73.02934866949656
09-13 00:45:44.399  12727-12747/amos.gltron D/FPS: 21.82324052469268
09-13 00:45:44.439  12727-12747/amos.gltron D/FPS: 24.208893311261924
09-13 00:45:44.459  12727-12747/amos.gltron D/FPS: 70.0428241827053
09-13 00:45:44.499  12727-12746/amos.gltron I/AMOS: CPU Usage: 0.0 Temperature: 53.0 Time: 6094492135982
09-13 00:45:44.519  12727-12747/amos.gltron D/FPS: 14.406465160557174
09-13 00:45:44.559  12727-12747/amos.gltron D/FPS: 29.7351705426511
09-13 00:45:44.569  12727-12747/amos.gltron D/FPS: 90.57458250778376
09-13 00:45:44.589  12727-12747/amos.gltron D/FPS: 43.095031741861106
09-13 00:45:44.629  12727-12747/amos.gltron D/FPS: 27.079707304109256
09-13 00:45:44.639  12727-12747/amos.gltron D/FPS: 70.03184137731903
09-13 00:45:44.739  12727-12747/amos.gltron D/FPS: 10.845558102984343
09-13 00:45:44.749  12727-12746/amos.gltron I/AMOS: CPU Usage: 0.0 Temperature: 53.0 Time: 6094743040722
09-13 00:45:44.759  12727-12747/amos.gltron D/FPS: 46.723740650345874
09-13 00:45:44.769  12727-12747/amos.gltron D/FPS: 71.32111597861879
09-13 00:45:44.969  12727-12747/amos.gltron D/FPS: 4.971256048390525
09-13 00:45:44.999  12727-12747/amos.gltron D/FPS: 43.61039467712455
09-13 00:45:44.999  12727-12746/amos.gltron I/AMOS: CPU Usage: 0.0 Temperature: 53.25 Time: 6094999242388
09-13 00:45:45.009  12727-12747/amos.gltron D/FPS: 68.26157096769856
09-13 00:45:45.089  12727-12747/amos.gltron D/FPS: 13.28670973739642
09-13 00:45:45.159  12727-12747/amos.gltron D/FPS: 12.553368291534905
09-13 00:45:45.189  12727-12747/amos.gltron D/FPS: 43.71087112094431
09-13 00:45:45.229  12727-12747/amos.gltron D/FPS: 26.50001057350422
09-13 00:45:45.239  12727-12747/amos.gltron D/FPS: 53.04570959404861
09-13 00:45:45.259  12727-12746/amos.gltron I/AMOS: CPU Usage: 0.0 Temperature: 53.0 Time: 6095251443742
09-13 00:45:45.259  12727-12747/amos.gltron D/FPS: 60.567059090737025
09-13 00:45:45.349  12727-12747/amos.gltron D/FPS: 11.370217781626621
09-13 00:45:45.369  12727-12747/amos.gltron D/FPS: 39.92348105926258
09-13 00:45:45.449  12727-12747/amos.gltron D/FPS: 13.979781545223279
09-13 00:45:45.509  12727-12746/amos.gltron I/AMOS: CPU Usage: 0.0 Temperature: 53.0 Time: 6095502572492
09-13 00:45:45.509  12727-12747/amos.gltron D/FPS: 15.31005260197253
09-13 00:45:45.539  12727-12747/amos.gltron D/FPS: 37.13876699739234
09-13 00:45:45.619  12727-12747/amos.gltron D/FPS: 11.828355795617556
09-13 00:45:45.659  12727-12747/amos.gltron D/FPS: 27.22072158920888
09-13 00:45:45.669  12727-12747/amos.gltron D/FPS: 68.26351409375339
09-13 00:45:45.759  12727-12746/amos.gltron I/AMOS: CPU Usage: 0.0 Temperature: 53.0 Time: 6095759652127
09-13 00:45:45.779  12727-12747/amos.gltron D/FPS: 9.751266450605906
09-13 00:45:45.829  12727-12747/amos.gltron D/FPS: 19.943141306409775
09-13 00:45:45.859  12727-12747/amos.gltron D/FPS: 32.10305130834862
09-13 00:45:45.999  12727-12747/amos.gltron D/FPS: 7.081513030408867
09-13 00:45:46.019  12727-12747/amos.gltron D/FPS: 60.00093481456441
09-13 00:45:46.019  12727-12746/amos.gltron I/AMOS: CPU Usage: 0.0 Temperature: 53.0 Time: 6096010480305
09-13 00:45:46.049  12727-12747/amos.gltron D/FPS: 26.50110893890355
09-13 00:45:46.099  12727-12747/amos.gltron D/FPS: 20.149631973016902
09-13 00:45:46.119  12727-12747/amos.gltron D/FPS: 62.42582641337845
09-13 00:45:46.259  12727-12747/amos.gltron D/FPS: 7.325680273292415
09-13 00:45:46.289  12727-12746/amos.gltron I/AMOS: CPU Usage: 0.0 Temperature: 53.25 Time: 6096286083221
09-13 00:45:46.319  12727-12747/amos.gltron D/FPS: 15.2970742295728
09-13 00:45:46.339  12727-12747/amos.gltron D/FPS: 45.76462575656935
09-13 00:45:46.409  12727-12747/amos.gltron D/FPS: 15.560418186238755
09-13 00:45:46.509  12727-12747/amos.gltron D/FPS: 9.519455868664103
09-13 00:45:46.539  12727-12747/amos.gltron D/FPS: 41.854958171829004
09-13 00:45:46.539  12727-12746/amos.gltron I/AMOS: CPU Usage: 0.0 Temperature: 53.25 Time: 6096537949523
09-13 00:45:46.639  12727-12747/amos.gltron D/FPS: 9.79739803838064
09-13 00:45:46.649  12727-12747/amos.gltron D/FPS: 66.54397731755371
09-13 00:45:46.669  12727-12747/amos.gltron D/FPS: 74.52316724056958
09-13 00:45:46.739  12727-12747/amos.gltron D/FPS: 14.035395414563334
09-13 00:45:46.749  12727-12747/amos.gltron D/FPS: 73.86007681152549
09-13 00:45:46.789  12727-12746/amos.gltron I/AMOS: CPU Usage: 0.0 Temperature: 54.0 Time: 6096788915044
09-13 00:45:46.799  12727-12747/amos.gltron D/FPS: 20.498388385957515
09-13 00:45:46.829  12727-12747/amos.gltron D/FPS: 33.51493063347777
09-13 00:45:46.839  12727-12747/amos.gltron D/FPS: 72.0455696873741
09-13 00:45:46.929  12727-12747/amos.gltron D/FPS: 11.76008693526666
09-13 00:45:46.959  12727-12747/amos.gltron D/FPS: 34.293736276504085
09-13 00:45:46.969  12727-12747/amos.gltron D/FPS: 58.98907705159144
09-13 00:45:47.079  12727-12746/amos.gltron I/AMOS: CPU Usage: 0.0 Temperature: 53.5 Time: 6097079514418
09-13 00:45:47.089  12727-12747/amos.gltron D/FPS: 8.798794938162377
09-13 00:45:47.109  12727-12747/amos.gltron D/FPS: 39.3623317993439
09-13 00:45:47.139  12727-12747/amos.gltron D/FPS: 42.00908093498939
09-13 00:45:47.209  12727-12747/amos.gltron D/FPS: 13.145426991205525
09-13 00:45:47.229  12727-12747/amos.gltron D/FPS: 50.064926700191144
09-13 00:45:47.329  12727-12747/amos.gltron D/FPS: 10.153277532815292
09-13 00:45:47.349  12727-12746/amos.gltron I/AMOS: CPU Usage: 0.0 Temperature: 53.0 Time: 6097343366502
09-13 00:45:47.359  12727-12747/amos.gltron D/FPS: 38.43974608241328
09-13 00:45:47.379  12727-12747/amos.gltron D/FPS: 42.447354880346424
09-13 00:45:47.419  12727-12747/amos.gltron D/FPS: 25.838402547997223
09-13 00:45:47.439  12727-12747/amos.gltron D/FPS: 59.809542492885654
09-13 00:45:47.519  12727-12747/amos.gltron D/FPS: 12.615344937213555
09-13 00:45:47.569  12727-12747/amos.gltron D/FPS: 18.680840841832666
09-13 00:45:47.599  12727-12746/amos.gltron I/AMOS: CPU Usage: 0.0 Temperature: 53.0 Time: 6097596768429
09-13 00:45:47.609  12727-12747/amos.gltron D/FPS: 27.20379064147708
09-13 00:45:47.729  12727-12747/amos.gltron D/FPS: 7.799310756190129
09-13 00:45:47.779  12727-12747/amos.gltron D/FPS: 20.06961668356729
09-13 00:45:47.829  12727-12747/amos.gltron D/FPS: 20.916877958509364
09-13 00:45:47.849  12727-12746/amos.gltron I/AMOS: CPU Usage: 0.0 Temperature: 53.5 Time: 6097848150147
09-13 00:45:47.919  12727-12747/amos.gltron D/FPS: 11.414649600106586
09-13 00:45:47.939  12727-12747/amos.gltron D/FPS: 63.00473486883013
09-13 00:45:48.019  12727-12747/amos.gltron D/FPS: 11.52888657645044
09-13 00:45:48.079  12727-12747/amos.gltron D/FPS: 16.710298928198085
09-13 00:45:48.099  12727-12747/amos.gltron D/FPS: 73.59423421556384
09-13 00:45:48.109  12727-12746/amos.gltron I/AMOS: CPU Usage: 0.0 Temperature: 53.0 Time: 6098100383794
09-13 00:45:48.139  12727-12747/amos.gltron D/FPS: 25.263390424300916
09-13 00:45:48.189  12727-12747/amos.gltron D/FPS: 18.250621032132482
09-13 00:45:48.229  12727-12747/amos.gltron D/FPS: 22.66123171771139
09-13 00:45:48.319  12727-12747/amos.gltron D/FPS: 11.897296492847126
09-13 00:45:48.329  12727-12747/amos.gltron D/FPS: 73.98815464441773
09-13 00:45:48.359  12727-12747/amos.gltron D/FPS: 34.43594117748949
09-13 00:45:48.359  12727-12746/amos.gltron I/AMOS: CPU Usage: 0.0 Temperature: 53.0 Time: 6098356570408
09-13 00:45:48.409  12727-12747/amos.gltron D/FPS: 18.777708268961003
09-13 00:45:48.429  12727-12747/amos.gltron D/FPS: 70.28461403028494
09-13 00:45:48.559  12727-12747/amos.gltron D/FPS: 7.426394552876241
09-13 00:45:48.579  12727-12747/amos.gltron D/FPS: 47.429541755687964
09-13 00:45:48.609  12727-12746/amos.gltron I/AMOS: CPU Usage: 0.0 Temperature: 53.5 Time: 6098608249730
09-13 00:45:48.619  12727-12747/amos.gltron D/FPS: 28.615287631571306
09-13 00:45:48.689  12727-12747/amos.gltron D/FPS: 14.817135727052476
09-13 00:45:48.699  12727-12747/amos.gltron D/FPS: 68.72606614746415
09-13 00:45:48.809  12727-12747/amos.gltron D/FPS: 9.119394265028165
09-13 00:45:48.849  12727-12747/amos.gltron D/FPS: 27.44637198485136
09-13 00:45:48.859  12727-12746/amos.gltron I/AMOS: CPU Usage: 0.0 Temperature: 54.0 Time: 6098859324418
09-13 00:45:48.879  12727-12747/amos.gltron D/FPS: 31.628783344130873
09-13 00:45:48.959  12727-12747/amos.gltron D/FPS: 12.021744354144047
09-13 00:45:48.979  12727-12747/amos.gltron D/FPS: 59.817184328567656
09-13 00:45:49.029  12727-12747/amos.gltron D/FPS: 19.599756508304946
09-13 00:45:49.089  12727-12747/amos.gltron D/FPS: 15.740066031151008
09-13 00:45:49.109  12727-12747/amos.gltron D/FPS: 54.6448087431694
09-13 00:45:49.119  12727-12746/amos.gltron I/AMOS: CPU Usage: 0.0 Temperature: 54.25 Time: 6099110436033
09-13 00:45:49.179  12727-12747/amos.gltron W/AudioTrack: AUDIO_OUTPUT_FLAG_FAST denied by client due to mismatching sample rate (22050 vs 48000)
09-13 00:45:49.189  12727-12747/amos.gltron E/GLTRON: Wall CRASH
09-13 00:45:49.219  12727-12747/amos.gltron D/FPS: 9.504597563933626
09-13 00:45:49.269  12727-12747/amos.gltron D/FPS: 19.52624449298886
09-13 00:45:49.279  12727-12747/amos.gltron D/FPS: 81.40802009019683
09-13 00:45:49.369  12727-12746/amos.gltron I/AMOS: CPU Usage: 0.0 Temperature: 54.0 Time: 6099362233168
09-13 00:45:49.399  12727-12747/amos.gltron D/FPS: 8.437316651835832
09-13 00:45:49.409  12727-12747/amos.gltron D/FPS: 75.05658703738216
09-13 00:45:49.449  12727-12747/amos.gltron D/FPS: 29.514350511777362
09-13 00:45:49.489  12727-12747/amos.gltron D/FPS: 24.8325738207855
09-13 00:45:49.499  12727-12747/amos.gltron D/FPS: 63.62335381729625
09-13 00:45:49.549  12727-12747/amos.gltron D/FPS: 19.263550607562756
09-13 00:45:49.619  12727-12746/amos.gltron I/AMOS: CPU Usage: 0.0 Temperature: 53.25 Time: 6099614592803
09-13 00:45:49.629  12727-12747/amos.gltron D/FPS: 13.202854103220627
09-13 00:45:49.649  12727-12747/amos.gltron D/FPS: 58.026376701899125
09-13 00:45:49.709  12727-12747/amos.gltron D/FPS: 15.041788495125617
09-13 00:45:49.749  12727-12747/amos.gltron D/FPS: 24.355220501328347
