09-13 00:37:34.079      676-676/? V/Zygote: Switching descriptor 33 to /dev/null
09-13 00:37:34.079      676-676/? V/Zygote: Switching descriptor 10 to /dev/null
09-13 00:37:34.089      676-676/? D/dalvikvm: Late-enabling CheckJNI
09-13 00:37:34.119      676-676/amos.gltron D/ActivityThread: handleBindApplication:amos.gltron
09-13 00:37:34.119      676-676/amos.gltron D/ActivityThread: setTargetHeapUtilization:0.75
09-13 00:37:34.119      676-676/amos.gltron D/ActivityThread: setTargetHeapMinFree:524288
09-13 00:37:34.139      676-691/amos.gltron I/AMOS: CPU Usage: 0.0 Temperature: 49.0 Time: 5604136672367
09-13 00:37:34.139      676-676/amos.gltron E/GLTRON: Renderer Constructor: Create Video Object
09-13 00:37:34.139      676-676/amos.gltron E/GLTRON: Screen size = 1080,1776
09-13 00:37:34.219      676-676/amos.gltron I/Adreno-EGL: <qeglDrvAPI_eglInitialize:320>: EGL 1.4 QUALCOMM Build: I0404c4692afb8623f95c43aeb6d5e13ed4b30ddbDate: 11/06/13
09-13 00:37:34.249      676-676/amos.gltron D/OpenGLRenderer: Enabling debug mode 0
09-13 00:37:34.279      676-693/amos.gltron E/GLTRON: Renderer: Surface Created Do perspective
09-13 00:37:34.289      676-693/amos.gltron W/Adreno-ES20: <core_glTexParameteriv:566>: GL_INVALID_ENUM
09-13 00:37:34.299      676-693/amos.gltron E/GLTRON: Renderer: Surface changed
09-13 00:37:34.299      676-693/amos.gltron E/GLTRON: Screen size = 1080,1776
09-13 00:37:34.379      676-676/amos.gltron I/Timeline: Timeline: Activity_idle id: android.os.BinderProxy@41a98840 time:5604375
09-13 00:37:34.389      676-691/amos.gltron I/AMOS: CPU Usage: 0.0 Temperature: 49.5 Time: 5604389009398
09-13 00:37:34.419      676-676/amos.gltron E/MediaPlayer: Should have subtitle controller already set
09-13 00:37:34.439      676-693/amos.gltron E/GLTRON: Start Read Mesh
09-13 00:37:34.439      676-693/amos.gltron E/GLTRON: Start Add Material, 2131034115
09-13 00:37:34.639      676-691/amos.gltron I/AMOS: CPU Usage: 0.0 Temperature: 50.25 Time: 5604639911221
09-13 00:37:34.899      676-691/amos.gltron I/AMOS: CPU Usage: 0.0 Temperature: 51.0 Time: 5604890823773
09-13 00:37:35.149      676-691/amos.gltron I/AMOS: CPU Usage: 0.0 Temperature: 50.0 Time: 5605141693148
09-13 00:37:35.399      676-691/amos.gltron I/AMOS: CPU Usage: 0.0 Temperature: 50.0 Time: 5605392565023
09-13 00:37:35.659      676-691/amos.gltron I/AMOS: CPU Usage: 0.0 Temperature: 49.25 Time: 5605656360127
09-13 00:37:35.929      676-691/amos.gltron I/AMOS: CPU Usage: 0.0 Temperature: 49.5 Time: 5605929519293
09-13 00:37:36.209      676-691/amos.gltron I/AMOS: CPU Usage: 0.0 Temperature: 50.5 Time: 5606209913876
09-13 00:37:36.489      676-691/amos.gltron I/AMOS: CPU Usage: 0.0 Temperature: 49.0 Time: 5606489863147
09-13 00:37:36.759      676-691/amos.gltron I/AMOS: CPU Usage: 0.0 Temperature: 50.25 Time: 5606753113408
09-13 00:37:37.019      676-691/amos.gltron I/AMOS: CPU Usage: 0.0 Temperature: 49.25 Time: 5607010942418
09-13 00:37:37.339      676-691/amos.gltron I/AMOS: CPU Usage: 0.0 Temperature: 49.25 Time: 5607334527522
09-13 00:37:37.699      676-691/amos.gltron I/AMOS: CPU Usage: 0.0 Temperature: 48.75 Time: 5607698338511
09-13 00:37:37.979      676-691/amos.gltron I/AMOS: CPU Usage: 0.0 Temperature: 49.75 Time: 5607978984969
09-13 00:37:38.239      676-691/amos.gltron I/AMOS: CPU Usage: 0.0 Temperature: 51.0 Time: 5608232534605
09-13 00:37:38.529      676-691/amos.gltron I/AMOS: CPU Usage: 0.0 Temperature: 49.25 Time: 5608522907418
09-13 00:37:38.779      676-691/amos.gltron I/AMOS: CPU Usage: 0.0 Temperature: 51.0 Time: 5608776883772
09-13 00:37:39.039      676-691/amos.gltron I/AMOS: CPU Usage: 0.0 Temperature: 49.75 Time: 5609032775074
09-13 00:37:39.359      676-691/amos.gltron I/AMOS: CPU Usage: 0.0 Temperature: 50.0 Time: 5609329071688
09-13 00:37:39.619      676-691/amos.gltron I/AMOS: CPU Usage: 0.0 Temperature: 49.0 Time: 5609611394865
09-13 00:37:39.909      676-691/amos.gltron I/AMOS: CPU Usage: 0.0 Temperature: 49.25 Time: 5609908254500
09-13 00:37:40.249      676-691/amos.gltron I/AMOS: CPU Usage: 0.0 Temperature: 49.25 Time: 5610170331375
09-13 00:37:40.549      676-691/amos.gltron I/AMOS: CPU Usage: 0.0 Temperature: 49.25 Time: 5610540731167
09-13 00:37:40.799      676-691/amos.gltron I/AMOS: CPU Usage: 0.0 Temperature: 49.5 Time: 5610798584656
09-13 00:37:41.069      676-691/amos.gltron I/AMOS: CPU Usage: 0.0 Temperature: 49.75 Time: 5611061881167
09-13 00:37:41.419      676-691/amos.gltron I/AMOS: CPU Usage: 0.0 Temperature: 49.75 Time: 5611412651583
09-13 00:37:41.679      676-691/amos.gltron I/AMOS: CPU Usage: 0.0 Temperature: 51.25 Time: 5611670649761
09-13 00:37:41.809      676-693/amos.gltron E/GLTRON: CalVertices...
09-13 00:37:41.809      676-693/amos.gltron E/GLTRON: Building Vertex Array
09-13 00:37:41.899      676-693/amos.gltron E/GLTRON: Start Read Mesh
09-13 00:37:41.899      676-693/amos.gltron E/GLTRON: Start Add Material, 2131034117
09-13 00:37:41.929      676-691/amos.gltron I/AMOS: CPU Usage: 0.0 Temperature: 52.75 Time: 5611921505333
09-13 00:37:42.109      676-693/amos.gltron E/GLTRON: CalVertices...
09-13 00:37:42.109      676-693/amos.gltron E/GLTRON: Building Vertex Array
09-13 00:37:42.119      676-693/amos.gltron W/Adreno-ES20: <core_glTexParameteriv:566>: GL_INVALID_ENUM
09-13 00:37:42.119      676-693/amos.gltron W/Adreno-ES20: <core_glTexParameteriv:566>: GL_INVALID_ENUM
09-13 00:37:42.119      676-693/amos.gltron W/Adreno-ES20: <core_glTexParameteriv:566>: GL_INVALID_ENUM
09-13 00:37:42.119      676-693/amos.gltron W/Adreno-ES20: <core_glTexParameteriv:566>: GL_INVALID_ENUM
09-13 00:37:42.119      676-693/amos.gltron W/Adreno-ES20: <core_glTexParameteriv:566>: GL_INVALID_ENUM
09-13 00:37:42.119      676-693/amos.gltron W/Adreno-ES20: <core_glTexParameteriv:566>: GL_INVALID_ENUM
09-13 00:37:42.119      676-693/amos.gltron W/Adreno-ES20: <core_glTexParameteriv:566>: GL_INVALID_ENUM
09-13 00:37:42.129      676-693/amos.gltron W/Adreno-ES20: <core_glTexParameteriv:566>: GL_INVALID_ENUM
09-13 00:37:42.139      676-693/amos.gltron W/Adreno-ES20: <core_glTexParameteriv:566>: GL_INVALID_ENUM
09-13 00:37:42.139      676-693/amos.gltron W/Adreno-ES20: <core_glTexParameteriv:566>: GL_INVALID_ENUM
09-13 00:37:42.149      676-693/amos.gltron W/Adreno-ES20: <core_glTexParameteriv:566>: GL_INVALID_ENUM
09-13 00:37:42.149      676-693/amos.gltron W/Adreno-ES20: <core_glTexParameteriv:566>: GL_INVALID_ENUM
09-13 00:37:42.149      676-693/amos.gltron W/Adreno-ES20: <core_glTexParameteriv:566>: GL_INVALID_ENUM
09-13 00:37:42.169      676-693/amos.gltron W/AudioTrack: AUDIO_OUTPUT_FLAG_FAST denied by client due to mismatching sample rate (22050 vs 48000)
09-13 00:37:42.179      676-691/amos.gltron I/AMOS: CPU Usage: 0.0 Temperature: 52.0 Time: 5612175709291
09-13 00:37:42.279      676-676/amos.gltron W/AudioTrack: AUDIO_OUTPUT_FLAG_FAST denied by client due to mismatching sample rate (22050 vs 48000)
09-13 00:37:42.279      676-676/amos.gltron E/MediaPlayer: Should have subtitle controller already set
09-13 00:37:42.359      676-693/amos.gltron D/FPS: 7.276878427564373
09-13 00:37:42.399      676-693/amos.gltron D/FPS: 24.248516645491247
09-13 00:37:42.419      676-693/amos.gltron D/FPS: 66.89033009307656
09-13 00:37:42.429      676-691/amos.gltron I/AMOS: CPU Usage: 0.0 Temperature: 53.0 Time: 5612427346791
09-13 00:37:42.439      676-693/amos.gltron D/FPS: 40.629677110674145
09-13 00:37:42.479      676-693/amos.gltron D/FPS: 22.501458825829324
09-13 00:37:42.579      676-693/amos.gltron D/FPS: 11.006000019964883
09-13 00:37:42.599      676-693/amos.gltron D/FPS: 48.967598972209274
09-13 00:37:42.609      676-681/amos.gltron I/dalvikvm: Total arena pages for JIT: 11
09-13 00:37:42.619      676-693/amos.gltron D/FPS: 42.55234225325461
09-13 00:37:42.649      676-693/amos.gltron D/FPS: 37.36658959807562
09-13 00:37:42.689      676-691/amos.gltron I/AMOS: CPU Usage: 0.0 Temperature: 52.25 Time: 5612681212729
09-13 00:37:42.719      676-693/amos.gltron D/FPS: 12.991899122164659
09-13 00:37:42.769      676-693/amos.gltron D/FPS: 21.059559065482066
09-13 00:37:42.799      676-693/amos.gltron D/FPS: 33.41501410765188
09-13 00:37:42.829      676-693/amos.gltron D/FPS: 39.08221820040142
09-13 00:37:42.849      676-693/amos.gltron D/FPS: 47.94713847162359
09-13 00:37:42.939      676-691/amos.gltron I/AMOS: CPU Usage: 0.0 Temperature: 50.5 Time: 5612934424655
09-13 00:37:42.969      676-693/amos.gltron D/FPS: 8.16802656549357
09-13 00:37:42.999      676-693/amos.gltron D/FPS: 28.324767593157542
09-13 00:37:43.019      676-693/amos.gltron D/FPS: 68.39944812589275
09-13 00:37:43.029      676-693/amos.gltron D/FPS: 66.75706908962783
09-13 00:37:43.099      676-693/amos.gltron D/FPS: 15.844695366321831
09-13 00:37:43.129      676-693/amos.gltron D/FPS: 26.81980129531058
09-13 00:37:43.149      676-693/amos.gltron D/FPS: 85.03325437995665
09-13 00:37:43.159      676-693/amos.gltron D/FPS: 87.6780357314299
09-13 00:37:43.179      676-693/amos.gltron D/FPS: 42.76159878433906
09-13 00:37:43.189      676-691/amos.gltron I/AMOS: CPU Usage: 0.0 Temperature: 52.25 Time: 5613185438561
09-13 00:37:43.249      676-693/amos.gltron D/FPS: 15.585553937082366
09-13 00:37:43.259      676-693/amos.gltron D/FPS: 89.47628279014967
09-13 00:37:43.269      676-693/amos.gltron D/FPS: 86.93290622616952
09-13 00:37:43.279      676-693/amos.gltron D/FPS: 63.9496915450578
09-13 00:37:43.369      676-693/amos.gltron D/FPS: 11.757904695292313
09-13 00:37:43.419      676-693/amos.gltron D/FPS: 21.406710742655953
09-13 00:37:43.429      676-693/amos.gltron D/FPS: 85.38001320487284
09-13 00:37:43.439      676-693/amos.gltron D/FPS: 94.71097902928445
09-13 00:37:43.449      676-691/amos.gltron I/AMOS: CPU Usage: 0.0 Temperature: 51.0 Time: 5613440054968
09-13 00:37:43.459      676-693/amos.gltron D/FPS: 49.490659454623824
09-13 00:37:43.549      676-693/amos.gltron D/FPS: 10.493047527062567
09-13 00:37:43.569      676-693/amos.gltron D/FPS: 64.81756415982792
09-13 00:37:43.589      676-693/amos.gltron D/FPS: 57.65765765765766
09-13 00:37:43.599      676-693/amos.gltron D/FPS: 67.75259165519785
09-13 00:37:43.639      676-693/amos.gltron D/FPS: 23.984080518587625
09-13 00:37:43.669      676-693/amos.gltron D/FPS: 31.554192274208454
09-13 00:37:43.689      676-693/amos.gltron D/FPS: 60.07828922024869
09-13 00:37:43.699      676-691/amos.gltron I/AMOS: CPU Usage: 0.0 Temperature: 51.25 Time: 5613690691114
09-13 00:37:43.699      676-693/amos.gltron D/FPS: 75.40530729698666
09-13 00:37:43.729      676-693/amos.gltron D/FPS: 33.429035089288114
09-13 00:37:43.839      676-693/amos.gltron D/FPS: 9.923773018501635
09-13 00:37:43.849      676-693/amos.gltron D/FPS: 70.1503075564859
09-13 00:37:43.889      676-693/amos.gltron D/FPS: 26.432009628863923
09-13 00:37:43.899      676-693/amos.gltron D/FPS: 57.7937234513695
09-13 00:37:43.959      676-691/amos.gltron I/AMOS: CPU Usage: 0.0 Temperature: 51.25 Time: 5613953575228
09-13 00:37:43.959      676-693/amos.gltron D/FPS: 18.121875301672592
09-13 00:37:43.989      676-693/amos.gltron D/FPS: 31.37434338597624
09-13 00:37:43.999      676-693/amos.gltron D/FPS: 86.45494024710032
09-13 00:37:44.009      676-693/amos.gltron D/FPS: 93.55448866016687
09-13 00:37:44.099      676-693/amos.gltron D/FPS: 11.856338219974509
09-13 00:37:44.189      676-693/amos.gltron W/AudioTrack: AUDIO_OUTPUT_FLAG_FAST denied by client due to mismatching sample rate (22050 vs 48000)
09-13 00:37:44.199      676-693/amos.gltron E/GLTRON: Wall CRASH
09-13 00:37:44.199      676-693/amos.gltron D/FPS: 9.900678668751182
09-13 00:37:44.209      676-691/amos.gltron I/AMOS: CPU Usage: 0.0 Temperature: 51.0 Time: 5614207110697
09-13 00:37:44.229      676-693/amos.gltron D/FPS: 28.92446237812533
09-13 00:37:44.269      676-693/amos.gltron D/FPS: 25.85155273215237
09-13 00:37:44.349      676-693/amos.gltron D/FPS: 12.914465057092977
09-13 00:37:44.379      676-693/amos.gltron D/FPS: 33.63694261988324
09-13 00:37:44.389      676-693/amos.gltron D/FPS: 67.863705519837
09-13 00:37:44.459      676-691/amos.gltron I/AMOS: CPU Usage: 0.0 Temperature: 50.5 Time: 5614458236426
09-13 00:37:44.469      676-693/amos.gltron D/FPS: 12.438012521521337
09-13 00:37:44.549      676-693/amos.gltron D/FPS: 12.663320426455044
09-13 00:37:44.579      676-693/amos.gltron D/FPS: 46.667980837007036
09-13 00:37:44.639      676-693/amos.gltron D/FPS: 15.785241660921233
09-13 00:37:44.709      676-693/amos.gltron D/FPS: 13.941198783886923
09-13 00:37:44.709      676-691/amos.gltron I/AMOS: CPU Usage: 0.0 Temperature: 51.75 Time: 5614709284133
09-13 00:37:44.729      676-693/amos.gltron D/FPS: 45.451748106048385
09-13 00:37:44.839      676-693/amos.gltron D/FPS: 9.637968692851363
09-13 00:37:44.859      676-693/amos.gltron D/FPS: 40.127741045735355
09-13 00:37:44.919      676-693/amos.gltron D/FPS: 16.84207576293256
09-13 00:37:44.969      676-691/amos.gltron I/AMOS: CPU Usage: 0.0 Temperature: 51.0 Time: 5614967826425
09-13 00:37:44.989      676-693/amos.gltron D/FPS: 15.04476977455202
09-13 00:37:45.009      676-693/amos.gltron D/FPS: 44.579836379518134
09-13 00:37:45.079      676-693/amos.gltron D/FPS: 14.247350242183582
09-13 00:37:45.099      676-693/amos.gltron D/FPS: 56.09934206130637
09-13 00:37:45.129      676-693/amos.gltron D/FPS: 30.223037250225865
09-13 00:37:45.169      676-693/amos.gltron D/FPS: 24.955969559007805
09-13 00:37:45.199      676-693/amos.gltron D/FPS: 30.079380990402722
09-13 00:37:45.229      676-691/amos.gltron I/AMOS: CPU Usage: 0.0 Temperature: 51.0 Time: 5615221384342
09-13 00:37:45.339      676-693/amos.gltron D/FPS: 7.2434216005583
09-13 00:37:45.359      676-693/amos.gltron D/FPS: 44.46626651176991
09-13 00:37:45.379      676-693/amos.gltron D/FPS: 70.36162780781594
09-13 00:37:45.429      676-693/amos.gltron D/FPS: 18.827590146407484
09-13 00:37:45.459      676-693/amos.gltron D/FPS: 33.53629836466613
09-13 00:37:45.469      676-693/amos.gltron D/FPS: 82.81287511644526
09-13 00:37:45.479      676-691/amos.gltron I/AMOS: CPU Usage: 0.0 Temperature: 52.0 Time: 5615473433561
09-13 00:37:45.489      676-693/amos.gltron D/FPS: 62.2378386640872
09-13 00:37:45.569      676-693/amos.gltron D/FPS: 12.446930489232951
09-13 00:37:45.619      676-693/amos.gltron D/FPS: 19.76018134945954
09-13 00:37:45.639      676-693/amos.gltron D/FPS: 60.041838353801694
09-13 00:37:45.649      676-693/amos.gltron D/FPS: 76.48275394205498
09-13 00:37:45.669      676-693/amos.gltron W/AudioTrack: AUDIO_OUTPUT_FLAG_FAST denied by client due to mismatching sample rate (22050 vs 48000)
09-13 00:37:45.679      676-693/amos.gltron D/FPS: 31.378752906692327
09-13 00:37:45.719      676-693/amos.gltron D/FPS: 26.403874884816396
09-13 00:37:45.729      676-691/amos.gltron I/AMOS: CPU Usage: 0.0 Temperature: 52.5 Time: 5615724481061
09-13 00:37:45.729      676-693/amos.gltron D/FPS: 85.16224941433921
09-13 00:37:45.739      676-693/amos.gltron D/FPS: 87.49384808880626
09-13 00:37:45.789      676-693/amos.gltron D/FPS: 20.417343569663814
09-13 00:37:45.869      676-693/amos.gltron D/FPS: 13.302091686076968
09-13 00:37:45.879      676-693/amos.gltron D/FPS: 58.02112119666474
09-13 00:37:45.899      676-693/amos.gltron D/FPS: 59.18071636600101
09-13 00:37:45.919      676-693/amos.gltron D/FPS: 68.20821786250451
09-13 00:37:45.969      676-693/amos.gltron D/FPS: 20.132792273936275
09-13 00:37:45.989      676-691/amos.gltron I/AMOS: CPU Usage: 0.0 Temperature: 53.0 Time: 5615982711009
09-13 00:37:45.999      676-693/amos.gltron D/FPS: 33.72148334330702
09-13 00:37:46.009      676-693/amos.gltron D/FPS: 74.73113791683814
09-13 00:37:46.019      676-693/amos.gltron D/FPS: 70.02494638715042
09-13 00:37:46.059      676-693/amos.gltron D/FPS: 27.323492832036862
09-13 00:37:46.099      676-693/amos.gltron D/FPS: 22.860490678029123
09-13 00:37:46.119      676-693/amos.gltron D/FPS: 80.15764122353585
09-13 00:37:46.129      676-693/amos.gltron D/FPS: 74.54689465591949
09-13 00:37:46.149      676-693/amos.gltron D/FPS: 52.44554631371793
09-13 00:37:46.219      676-693/amos.gltron D/FPS: 14.465379883369403
09-13 00:37:46.229      676-693/amos.gltron D/FPS: 70.66331797913651
09-13 00:37:46.239      676-691/amos.gltron I/AMOS: CPU Usage: 0.0 Temperature: 53.0 Time: 5616233887467
09-13 00:37:46.239      676-693/amos.gltron D/FPS: 80.86866532494768
09-13 00:37:46.259      676-693/amos.gltron D/FPS: 81.83096455876375
09-13 00:37:46.279      676-676/amos.gltron W/AudioTrack: AUDIO_OUTPUT_FLAG_FAST denied by client due to mismatching sample rate (22050 vs 48000)
09-13 00:37:46.279      676-676/amos.gltron E/MediaPlayer: Should have subtitle controller already set
09-13 00:37:46.309      676-693/amos.gltron D/FPS: 16.950439626602154
09-13 00:37:46.359      676-693/amos.gltron D/FPS: 21.9496548230207
09-13 00:37:46.369      676-693/amos.gltron D/FPS: 71.17279673220068
09-13 00:37:46.389      676-693/amos.gltron D/FPS: 79.32802184630259
09-13 00:37:46.399      676-693/amos.gltron D/FPS: 58.7457810982982
09-13 00:37:46.449      676-693/amos.gltron D/FPS: 20.562116447131118
09-13 00:37:46.479      676-693/amos.gltron D/FPS: 31.372293120118865
09-13 00:37:46.489      676-691/amos.gltron I/AMOS: CPU Usage: 0.0 Temperature: 55.5 Time: 5616487732519
09-13 00:37:46.499      676-693/amos.gltron D/FPS: 64.37919241324694
09-13 00:37:46.509      676-693/amos.gltron D/FPS: 70.94032967673769
09-13 00:37:46.529      676-693/amos.gltron D/FPS: 83.90618181311693
09-13 00:37:46.579      676-693/amos.gltron D/FPS: 17.729153879145073
09-13 00:37:46.609      676-693/amos.gltron D/FPS: 38.57156682294451
09-13 00:37:46.619      676-693/amos.gltron D/FPS: 93.78937981585018
09-13 00:37:46.639      676-693/amos.gltron D/FPS: 47.50241336011076
09-13 00:37:46.669      676-693/amos.gltron D/FPS: 29.630498790927497
09-13 00:37:46.709      676-693/amos.gltron D/FPS: 31.77392723675341
09-13 00:37:46.729      676-693/amos.gltron D/FPS: 37.33636265645383
09-13 00:37:46.749      676-693/amos.gltron D/FPS: 71.26181369439699
09-13 00:37:46.749      676-691/amos.gltron I/AMOS: CPU Usage: 0.0 Temperature: 53.0 Time: 5616742564811
09-13 00:37:46.769      676-693/amos.gltron D/FPS: 50.233114301885045
09-13 00:37:46.809      676-693/amos.gltron D/FPS: 21.898010018339583
09-13 00:37:46.909      676-693/amos.gltron D/FPS: 10.043963331458494
09-13 00:37:46.939      676-693/amos.gltron D/FPS: 36.9131374077513
09-13 00:37:46.969      676-693/amos.gltron D/FPS: 37.27221782927722
09-13 00:37:46.979      676-693/amos.gltron D/FPS: 73.79846686637023
09-13 00:37:46.999      676-691/amos.gltron I/AMOS: CPU Usage: 0.0 Temperature: 52.5 Time: 5616993867519
09-13 00:37:47.029      676-693/amos.gltron D/FPS: 19.336282116356077
09-13 00:37:47.089      676-693/amos.gltron D/FPS: 16.891416535473848
09-13 00:37:47.099      676-693/amos.gltron D/FPS: 75.7829917654959
09-13 00:37:47.109      676-693/amos.gltron D/FPS: 92.46105817612796
09-13 00:37:47.119      676-693/amos.gltron D/FPS: 104.49206147685945
09-13 00:37:47.159      676-693/amos.gltron D/FPS: 27.002358548009735
09-13 00:37:47.199      676-693/amos.gltron D/FPS: 23.128294755684607
09-13 00:37:47.209      676-693/amos.gltron D/FPS: 100.17739412952456
09-13 00:37:47.229      676-693/amos.gltron D/FPS: 87.29495288516803
09-13 00:37:47.229      676-693/amos.gltron D/FPS: 107.9603949450352
09-13 00:37:47.259      676-691/amos.gltron I/AMOS: CPU Usage: 0.0 Temperature: 53.5 Time: 5617253012050
09-13 00:37:47.279      676-693/amos.gltron D/FPS: 24.57439543116772
09-13 00:37:47.319      676-693/amos.gltron D/FPS: 23.295542605252813
09-13 00:37:47.339      676-693/amos.gltron D/FPS: 57.46954688710452
09-13 00:37:47.379      676-693/amos.gltron D/FPS: 20.906902982687495
09-13 00:37:47.399      676-693/amos.gltron D/FPS: 57.856415188743824
09-13 00:37:47.449      676-693/amos.gltron D/FPS: 19.708539087196648
09-13 00:37:47.509      676-691/amos.gltron I/AMOS: CPU Usage: 0.0 Temperature: 52.25 Time: 5617504110122
09-13 00:37:47.509      676-693/amos.gltron D/FPS: 16.83909195196649
09-13 00:37:47.519      676-693/amos.gltron D/FPS: 87.34181305882383
09-13 00:37:47.529      676-693/amos.gltron W/AudioTrack: AUDIO_OUTPUT_FLAG_FAST denied by client due to mismatching sample rate (22050 vs 48000)
09-13 00:37:47.529      676-693/amos.gltron E/GLTRON: Wall CRASH
09-13 00:37:47.539      676-693/amos.gltron D/FPS: 66.59382633941661
09-13 00:37:47.549      676-693/amos.gltron D/FPS: 71.58836689038031
09-13 00:37:47.619      676-693/amos.gltron D/FPS: 13.825183594981846
09-13 00:37:47.659      676-693/amos.gltron D/FPS: 30.87169058564091
09-13 00:37:47.669      676-693/amos.gltron D/FPS: 89.57981601918226
09-13 00:37:47.679      676-693/amos.gltron D/FPS: 87.31042505683472
09-13 00:37:47.729      676-693/amos.gltron D/FPS: 19.560599686517918
09-13 00:37:47.749      676-693/amos.gltron D/FPS: 42.10194109315332
09-13 00:37:47.759      676-691/amos.gltron I/AMOS: CPU Usage: 0.0 Temperature: 53.75 Time: 5617754794237
09-13 00:37:47.769      676-693/amos.gltron D/FPS: 70.1100910716061
09-13 00:37:47.789      676-693/amos.gltron D/FPS: 39.59873336323566
09-13 00:37:47.829      676-693/amos.gltron D/FPS: 27.280826454086466
09-13 00:37:47.849      676-693/amos.gltron D/FPS: 46.65833908630654
09-13 00:37:47.879      676-693/amos.gltron D/FPS: 40.62984548997948
09-13 00:37:47.949      676-693/amos.gltron D/FPS: 14.26923678261644
09-13 00:37:47.969      676-693/amos.gltron D/FPS: 39.99091886214478
09-13 00:37:47.999      676-693/amos.gltron D/FPS: 31.361583534165074
09-13 00:37:48.009      676-691/amos.gltron I/AMOS: CPU Usage: 0.0 Temperature: 52.5 Time: 5618006497830
09-13 00:37:48.099      676-693/amos.gltron D/FPS: 9.810303459566235
09-13 00:37:48.139      676-693/amos.gltron D/FPS: 27.76496347588467
09-13 00:37:48.169      676-693/amos.gltron D/FPS: 31.489451694960675
09-13 00:37:48.239      676-693/amos.gltron D/FPS: 14.146553827340236
09-13 00:37:48.259      676-691/amos.gltron I/AMOS: CPU Usage: 0.0 Temperature: 51.75 Time: 5618259196632
09-13 00:37:48.279      676-693/amos.gltron D/FPS: 25.0986294567103
09-13 00:37:48.319      676-693/amos.gltron D/FPS: 25.34014584571622
09-13 00:37:48.399      676-693/amos.gltron D/FPS: 13.548987876379197
09-13 00:37:48.419      676-693/amos.gltron D/FPS: 40.730864863706785
09-13 00:37:48.499      676-693/amos.gltron D/FPS: 12.117326058026142
09-13 00:37:48.519      676-691/amos.gltron I/AMOS: CPU Usage: 0.0 Temperature: 51.5 Time: 5618519930226
09-13 00:37:48.539      676-693/amos.gltron W/AudioTrack: AUDIO_OUTPUT_FLAG_FAST denied by client due to mismatching sample rate (22050 vs 48000)
09-13 00:37:48.539      676-693/amos.gltron E/GLTRON: Wall CRASH
09-13 00:37:48.549      676-693/amos.gltron D/FPS: 23.444282540834138
09-13 00:37:48.559      676-693/amos.gltron W/AudioTrack: AUDIO_OUTPUT_FLAG_FAST denied by client due to mismatching sample rate (22050 vs 48000)
09-13 00:37:48.559      676-693/amos.gltron E/GLTRON: Wall CRASH
09-13 00:37:48.569      676-693/amos.gltron D/FPS: 46.29573688947555
09-13 00:37:48.649      676-693/amos.gltron D/FPS: 11.959591649310807
09-13 00:37:48.679      676-693/amos.gltron D/FPS: 30.292177442003126
09-13 00:37:48.779      676-691/amos.gltron I/AMOS: CPU Usage: 0.0 Temperature: 52.25 Time: 5618771772414
09-13 00:37:48.779      676-693/amos.gltron D/FPS: 10.334921421473773
09-13 00:37:48.849      676-693/amos.gltron D/FPS: 15.287403023976733
09-13 00:37:48.959      676-693/amos.gltron D/FPS: 8.75818515899951
09-13 00:37:48.999      676-693/amos.gltron D/FPS: 22.55641760419221
09-13 00:37:49.029      676-691/amos.gltron I/AMOS: CPU Usage: 0.0 Temperature: 51.25 Time: 5619024265382
09-13 00:37:49.059      676-693/amos.gltron D/FPS: 17.76473388375348
09-13 00:37:49.109      676-693/amos.gltron D/FPS: 21.071693254472663
09-13 00:37:49.139      676-693/amos.gltron D/FPS: 27.85579955100351
09-13 00:37:49.239      676-693/amos.gltron D/FPS: 10.295645959998307
09-13 00:37:49.269      676-693/amos.gltron D/FPS: 30.08998771907241
09-13 00:37:49.279      676-691/amos.gltron I/AMOS: CPU Usage: 0.0 Temperature: 51.25 Time: 5619278608299
09-13 00:37:49.339      676-693/amos.gltron D/FPS: 15.092251310675247
09-13 00:37:49.359      676-693/amos.gltron D/FPS: 49.14004914004914
09-13 00:37:49.409      676-693/amos.gltron D/FPS: 18.953790563836414
09-13 00:37:49.429      676-693/amos.gltron D/FPS: 50.992357163523614
09-13 00:37:49.489      676-693/amos.gltron D/FPS: 19.237859861963738
09-13 00:37:49.509      676-693/amos.gltron D/FPS: 50.34665940600709
09-13 00:37:49.549      676-691/amos.gltron I/AMOS: CPU Usage: 0.0 Temperature: 51.25 Time: 5619541193247
09-13 00:37:49.549      676-693/amos.gltron D/FPS: 21.513231680875474
09-13 00:37:49.569      676-693/amos.gltron D/FPS: 51.091822018163754
09-13 00:37:49.619      676-693/amos.gltron D/FPS: 18.948160334482022
09-13 00:37:49.659      676-693/amos.gltron D/FPS: 31.347808100129413
09-13 00:37:49.669      676-693/amos.gltron D/FPS: 94.56170884355285
09-13 00:37:49.679      676-693/amos.gltron D/FPS: 82.0993526958636
09-13 00:37:49.689      676-693/amos.gltron D/FPS: 89.40670071035412
09-13 00:37:49.709      676-693/amos.gltron D/FPS: 43.11099827525829
09-13 00:37:49.749      676-693/amos.gltron D/FPS: 24.94802515549293
09-13 00:37:49.789      676-693/amos.gltron D/FPS: 30.09272229779842
09-13 00:37:49.799      676-691/amos.gltron I/AMOS: CPU Usage: 0.0 Temperature: 52.25 Time: 5619793058872
09-13 00:37:49.799      676-693/amos.gltron D/FPS: 68.99129143625588
09-13 00:37:49.809      676-693/amos.gltron D/FPS: 78.627948587386
09-13 00:37:49.829      676-693/amos.gltron D/FPS: 84.87612668814373
09-13 00:37:49.859      676-693/amos.gltron D/FPS: 31.53848647812623
09-13 00:37:49.919      676-693/amos.gltron D/FPS: 16.611295681063122
09-13 00:37:49.929      676-693/amos.gltron D/FPS: 75.08652971684569
09-13 00:37:49.949      676-693/amos.gltron D/FPS: 42.55932546533409
09-13 00:37:49.979      676-693/amos.gltron D/FPS: 48.29240937977672
09-13 00:37:50.029      676-693/amos.gltron D/FPS: 17.69898410309106
09-13 00:37:50.069      676-691/amos.gltron I/AMOS: CPU Usage: 0.0 Temperature: 51.5 Time: 5620060073351
09-13 00:37:50.079      676-693/amos.gltron D/FPS: 20.09534840913165
09-13 00:37:50.109      676-693/amos.gltron D/FPS: 35.151380298038006
09-13 00:37:50.119      676-693/amos.gltron D/FPS: 82.71227443535639
09-13 00:37:50.139      676-693/amos.gltron D/FPS: 64.09978233636912
09-13 00:37:50.149      676-693/amos.gltron D/FPS: 68.97443634952796
09-13 00:37:50.199      676-693/amos.gltron D/FPS: 21.357514824197647
09-13 00:37:50.239      676-693/amos.gltron D/FPS: 25.162870453440462
09-13 00:37:50.249      676-693/amos.gltron D/FPS: 77.40312515117797
09-13 00:37:50.269      676-693/amos.gltron D/FPS: 68.45090334999405
09-13 00:37:50.279      676-693/amos.gltron D/FPS: 77.44246566898055
09-13 00:37:50.299      676-693/amos.gltron D/FPS: 54.126741879743804
09-13 00:37:50.319      676-693/amos.gltron D/FPS: 50.71462485022703
09-13 00:37:50.339      676-691/amos.gltron I/AMOS: CPU Usage: 0.0 Temperature: 52.75 Time: 5620330321111
09-13 00:37:50.349      676-693/amos.gltron D/FPS: 32.47220087355416
09-13 00:37:50.359      676-693/amos.gltron D/FPS: 74.63614506102027
09-13 00:37:50.369      676-693/amos.gltron D/FPS: 84.3855935564511
09-13 00:37:50.389      676-693/amos.gltron D/FPS: 81.15167206933924
09-13 00:37:50.419      676-693/amos.gltron D/FPS: 25.552268852387304
09-13 00:37:50.459      676-693/amos.gltron D/FPS: 26.75231115891333
09-13 00:37:50.469      676-693/amos.gltron D/FPS: 94.06139613072803
09-13 00:37:50.479      676-693/amos.gltron D/FPS: 94.39806929516833
09-13 00:37:50.499      676-693/amos.gltron D/FPS: 48.758066229739136
09-13 00:37:50.529      676-693/amos.gltron D/FPS: 32.40528171094184
09-13 00:37:50.589      676-693/amos.gltron D/FPS: 19.666831291155795
09-13 00:37:50.589      676-691/amos.gltron I/AMOS: CPU Usage: 0.0 Temperature: 52.0 Time: 5620584147621
09-13 00:37:50.619      676-693/amos.gltron D/FPS: 30.889770256407026
09-13 00:37:50.629      676-693/amos.gltron D/FPS: 96.10378901681692
09-13 00:37:50.639      676-693/amos.gltron D/FPS: 84.11313923777851
09-13 00:37:50.649      676-693/amos.gltron D/FPS: 76.44803471596994
09-13 00:37:50.689      676-693/amos.gltron D/FPS: 24.224836717333073
09-13 00:37:50.739      676-693/amos.gltron D/FPS: 21.155952350956262
09-13 00:37:50.749      676-693/amos.gltron D/FPS: 98.76644658868595
09-13 00:37:50.759      676-693/amos.gltron D/FPS: 109.3057923544096
09-13 00:37:50.769      676-693/amos.gltron D/FPS: 86.89552108332994
09-13 00:37:50.789      676-693/amos.gltron D/FPS: 50.13591596137549
09-13 00:37:50.839      676-691/amos.gltron I/AMOS: CPU Usage: 0.0 Temperature: 53.0 Time: 5620836878923
09-13 00:37:50.879      676-693/amos.gltron D/FPS: 11.952451617551572
09-13 00:37:50.919      676-693/amos.gltron D/FPS: 23.534054895301107
09-13 00:37:50.939      676-693/amos.gltron D/FPS: 59.07565038746537
09-13 00:37:50.979      676-693/amos.gltron D/FPS: 23.932093164288194
09-13 00:37:50.989      676-693/amos.gltron D/FPS: 60.87160468080726
09-13 00:37:51.039      676-693/amos.gltron D/FPS: 20.56929810931537
09-13 00:37:51.069      676-693/amos.gltron D/FPS: 31.73905217731961
09-13 00:37:51.089      676-693/amos.gltron D/FPS: 65.72371537740398
09-13 00:37:51.089      676-691/amos.gltron I/AMOS: CPU Usage: 0.0 Temperature: 52.25 Time: 5621088181006
09-13 00:37:51.119      676-693/amos.gltron D/FPS: 31.017569840400956
09-13 00:37:51.139      676-693/amos.gltron D/FPS: 55.24543835653218
09-13 00:37:51.159      676-693/amos.gltron D/FPS: 48.26970718195802
09-13 00:37:51.209      676-693/amos.gltron D/FPS: 19.975862765503187
09-13 00:37:51.219      676-693/amos.gltron D/FPS: 76.19591585319272
09-13 00:37:51.239      676-693/amos.gltron D/FPS: 83.71046292053416
09-13 00:37:51.249      676-693/amos.gltron D/FPS: 76.9184558989187
09-13 00:37:51.259      676-693/amos.gltron D/FPS: 77.32799605194184
09-13 00:37:51.329      676-693/amos.gltron D/FPS: 15.162966407539658
09-13 00:37:51.349      676-691/amos.gltron I/AMOS: CPU Usage: 0.0 Temperature: 53.0 Time: 5621344644913
09-13 00:37:51.359      676-693/amos.gltron D/FPS: 30.723047883652065
09-13 00:37:51.379      676-693/amos.gltron D/FPS: 64.03180075352623
09-13 00:37:51.389      676-693/amos.gltron D/FPS: 70.5519234641446
09-13 00:37:51.409      676-693/amos.gltron D/FPS: 52.897223234322425
09-13 00:37:51.439      676-693/amos.gltron D/FPS: 31.83113607775659
09-13 00:37:51.489      676-693/amos.gltron D/FPS: 19.076517973857083
09-13 00:37:51.509      676-693/amos.gltron D/FPS: 61.01319983970612
09-13 00:37:51.519      676-693/amos.gltron D/FPS: 68.11360859495657
09-13 00:37:51.539      676-693/amos.gltron D/FPS: 66.24092739418062
09-13 00:37:51.579      676-693/amos.gltron D/FPS: 25.26721405390745
09-13 00:37:51.599      676-691/amos.gltron I/AMOS: CPU Usage: 0.0 Temperature: 52.25 Time: 5621597256006
09-13 00:37:51.639      676-693/amos.gltron D/FPS: 16.468430948338384
09-13 00:37:51.649      676-693/amos.gltron D/FPS: 67.00588170929056
09-13 00:37:51.669      676-693/amos.gltron D/FPS: 57.29017473503294
09-13 00:37:51.689      676-693/amos.gltron D/FPS: 59.356720356007365
09-13 00:37:51.699      676-693/amos.gltron D/FPS: 67.16551389375745
09-13 00:37:51.749      676-693/amos.gltron D/FPS: 22.809080605192424
09-13 00:37:51.769      676-693/amos.gltron D/FPS: 35.82210000040121
09-13 00:37:51.789      676-693/amos.gltron D/FPS: 74.26517763005114
09-13 00:37:51.799      676-693/amos.gltron D/FPS: 77.7491617668497
09-13 00:37:51.809      676-693/amos.gltron D/FPS: 75.38961162815401
09-13 00:37:51.849      676-691/amos.gltron I/AMOS: CPU Usage: 0.0 Temperature: 52.0 Time: 5621849640485
09-13 00:37:51.859      676-693/amos.gltron D/FPS: 20.609371720211705
09-13 00:37:51.939      676-693/amos.gltron D/FPS: 12.558311221600807
09-13 00:37:51.959      676-693/amos.gltron D/FPS: 50.97381133787037
09-13 00:37:51.979      676-693/amos.gltron D/FPS: 49.792531946764015
09-13 00:37:51.999      676-693/amos.gltron D/FPS: 45.159999620656
09-13 00:37:52.029      676-693/amos.gltron D/FPS: 33.6372367978723
09-13 00:37:52.079      676-693/amos.gltron D/FPS: 23.2482388122326
09-13 00:37:52.089      676-693/amos.gltron D/FPS: 56.22748967593005
09-13 00:37:52.109      676-691/amos.gltron I/AMOS: CPU Usage: 0.0 Temperature: 52.25 Time: 5622100998923
09-13 00:37:52.119      676-693/amos.gltron D/FPS: 40.74071508917939
09-13 00:37:52.139      676-693/amos.gltron D/FPS: 50.62610314278748
09-13 00:37:52.209      676-693/amos.gltron D/FPS: 14.755802970366748
09-13 00:37:52.299      676-693/amos.gltron D/FPS: 11.236908552060507
09-13 00:37:52.319      676-693/amos.gltron D/FPS: 43.30722932342891
09-13 00:37:52.339      676-693/amos.gltron D/FPS: 49.05617874344757
09-13 00:37:52.359      676-693/amos.gltron D/FPS: 55.124260280660764
09-13 00:37:52.369      676-691/amos.gltron I/AMOS: CPU Usage: 0.0 Temperature: 52.0 Time: 5622358776943
09-13 00:37:52.389      676-693/amos.gltron D/FPS: 27.125425608099825
09-13 00:37:52.449      676-693/amos.gltron D/FPS: 17.327081144886886
09-13 00:37:52.459      676-693/amos.gltron D/FPS: 81.90287907457609
09-13 00:37:52.479      676-693/amos.gltron D/FPS: 80.21054948397345
09-13 00:37:52.489      676-693/amos.gltron D/FPS: 85.86877345129871
09-13 00:37:52.519      676-693/amos.gltron D/FPS: 36.18347162173741
09-13 00:37:52.589      676-693/amos.gltron D/FPS: 12.676631428589175
09-13 00:37:52.619      676-691/amos.gltron I/AMOS: CPU Usage: 0.0 Temperature: 52.5 Time: 5622611905223
09-13 00:37:52.629      676-693/amos.gltron D/FPS: 27.58458225977587
09-13 00:37:52.659      676-693/amos.gltron D/FPS: 29.7993188710087
09-13 00:37:52.679      676-693/amos.gltron D/FPS: 50.08464806369245
09-13 00:37:52.699      676-693/amos.gltron D/FPS: 68.32618675582961
09-13 00:37:52.749      676-693/amos.gltron D/FPS: 21.05126967259571
09-13 00:37:52.759      676-693/amos.gltron D/FPS: 106.08789636825061
09-13 00:37:52.769      676-693/amos.gltron D/FPS: 99.20379037842278
09-13 00:37:52.779      676-693/amos.gltron D/FPS: 101.77792809246891
09-13 00:37:52.799      676-693/amos.gltron D/FPS: 46.5592244276137
09-13 00:37:52.869      676-691/amos.gltron I/AMOS: CPU Usage: 0.0 Temperature: 52.5 Time: 5622868305641
09-13 00:37:52.899      676-693/amos.gltron D/FPS: 9.946089113716035
09-13 00:37:52.919      676-693/amos.gltron D/FPS: 39.64714202189085
09-13 00:37:52.939      676-693/amos.gltron D/FPS: 52.013348289598255
09-13 00:37:52.979      676-693/amos.gltron D/FPS: 23.963336478601125
09-13 00:37:53.039      676-693/amos.gltron D/FPS: 19.74248377977275
09-13 00:37:53.089      676-693/amos.gltron D/FPS: 16.82473448634136
09-13 00:37:53.119      676-693/amos.gltron D/FPS: 36.910371578187096
09-13 00:37:53.129      676-691/amos.gltron I/AMOS: CPU Usage: 0.0 Temperature: 52.25 Time: 5623124770172
09-13 00:37:53.129      676-693/amos.gltron D/FPS: 93.08052414760114
09-13 00:37:53.149      676-693/amos.gltron D/FPS: 59.68460624782039
09-13 00:37:53.169      676-693/amos.gltron D/FPS: 41.32098050885217
09-13 00:37:53.229      676-693/amos.gltron D/FPS: 18.373645049326072
09-13 00:37:53.259      676-693/amos.gltron D/FPS: 30.365957769333747
09-13 00:37:53.269      676-693/amos.gltron D/FPS: 75.36179502149432
09-13 00:37:53.289      676-693/amos.gltron D/FPS: 75.7109676270502
09-13 00:37:53.299      676-693/amos.gltron D/FPS: 63.13069537513995
09-13 00:37:53.349      676-693/amos.gltron D/FPS: 21.78940949719739
09-13 00:37:53.369      676-693/amos.gltron D/FPS: 40.79672744971089
09-13 00:37:53.379      676-691/amos.gltron I/AMOS: CPU Usage: 0.0 Temperature: 52.0 Time: 5623375734912
09-13 00:37:53.389      676-693/amos.gltron D/FPS: 54.73313246638606
09-13 00:37:53.399      676-693/amos.gltron D/FPS: 77.45027498720134
09-13 00:37:53.419      676-693/amos.gltron D/FPS: 48.63024643766424
09-13 00:37:53.469      676-693/amos.gltron D/FPS: 22.142417014870936
09-13 00:37:53.499      676-693/amos.gltron D/FPS: 33.485530651064195
09-13 00:37:53.509      676-693/amos.gltron D/FPS: 78.78150846735775
09-13 00:37:53.529      676-693/amos.gltron D/FPS: 78.12944971631588
09-13 00:37:53.539      676-693/amos.gltron D/FPS: 57.45046003743127
09-13 00:37:53.639      676-691/amos.gltron I/AMOS: CPU Usage: 0.0 Temperature: 52.0 Time: 5623630492464
09-13 00:37:53.639      676-693/amos.gltron D/FPS: 9.952693553689153
09-13 00:37:53.679      676-693/amos.gltron D/FPS: 26.55910230234218
09-13 00:37:53.699      676-693/amos.gltron D/FPS: 69.30832097681484
09-13 00:37:53.709      676-693/amos.gltron D/FPS: 74.24565302838367
09-13 00:37:53.729      676-693/amos.gltron D/FPS: 51.50007354210502
09-13 00:37:53.769      676-693/amos.gltron D/FPS: 23.743804914820405
09-13 00:37:53.789      676-693/amos.gltron D/FPS: 46.10220175817201
09-13 00:37:53.799      676-693/amos.gltron D/FPS: 96.39329079561672
09-13 00:37:53.809      676-693/amos.gltron D/FPS: 98.45395780972237
09-13 00:37:53.839      676-693/amos.gltron D/FPS: 40.56880877685082
09-13 00:37:53.889      676-693/amos.gltron D/FPS: 20.836656780089758
09-13 00:37:53.889      676-691/amos.gltron I/AMOS: CPU Usage: 0.0 Temperature: 52.0 Time: 5623881303558
09-13 00:37:53.899      676-693/amos.gltron D/FPS: 94.48167494845788
09-13 00:37:53.909      676-693/amos.gltron D/FPS: 96.99321047526674
09-13 00:37:53.919      676-693/amos.gltron D/FPS: 100.62577154810334
09-13 00:37:53.939      676-693/amos.gltron D/FPS: 38.92383838713315
09-13 00:37:53.989      676-693/amos.gltron D/FPS: 20.370120610058223
09-13 00:37:53.999      676-693/amos.gltron D/FPS: 92.49134026703915
09-13 00:37:54.009      676-693/amos.gltron D/FPS: 89.09719416898066
09-13 00:37:54.019      676-693/amos.gltron D/FPS: 96.33670062214242
09-13 00:37:54.049      676-693/amos.gltron D/FPS: 34.99211715080885
09-13 00:37:54.129      676-693/amos.gltron D/FPS: 12.372800190362955
09-13 00:37:54.139      676-691/amos.gltron I/AMOS: CPU Usage: 0.0 Temperature: 52.5 Time: 5624132188766
09-13 00:37:54.139      676-693/amos.gltron D/FPS: 82.02849916146367
09-13 00:37:54.159      676-693/amos.gltron D/FPS: 70.67631794193954
09-13 00:37:54.169      676-693/amos.gltron D/FPS: 73.77578491348646
09-13 00:37:54.209      676-693/amos.gltron D/FPS: 27.290132671252884
09-13 00:37:54.249      676-693/amos.gltron D/FPS: 23.277580114913032
09-13 00:37:54.259      676-693/amos.gltron D/FPS: 97.52728350137772
09-13 00:37:54.269      676-693/amos.gltron D/FPS: 81.29943818836234
09-13 00:37:54.289      676-693/amos.gltron D/FPS: 82.95132863972596
09-13 00:37:54.319      676-693/amos.gltron D/FPS: 26.501255722250516
09-13 00:37:54.369      676-693/amos.gltron D/FPS: 20.903874765220742
09-13 00:37:54.379      676-693/amos.gltron D/FPS: 93.72848638335982
09-13 00:37:54.389      676-691/amos.gltron I/AMOS: CPU Usage: 0.0 Temperature: 52.25 Time: 5624382883037
09-13 00:37:54.399      676-693/amos.gltron D/FPS: 77.59362310775342
09-13 00:37:54.409      676-693/amos.gltron D/FPS: 82.23895894688737
09-13 00:37:54.449      676-693/amos.gltron D/FPS: 22.567128688757975
09-13 00:37:54.479      676-693/amos.gltron D/FPS: 32.91227345412533
09-13 00:37:54.489      676-693/amos.gltron D/FPS: 90.95474192092232
09-13 00:37:54.519      676-693/amos.gltron D/FPS: 41.83808427093875
09-13 00:37:54.559      676-693/amos.gltron D/FPS: 22.772640485159265
09-13 00:37:54.629      676-693/amos.gltron D/FPS: 14.931048938588312
09-13 00:37:54.639      676-693/amos.gltron D/FPS: 85.86954029655733
09-13 00:37:54.639      676-691/amos.gltron I/AMOS: CPU Usage: 0.0 Temperature: 52.75 Time: 5624639810953
09-13 00:37:54.649      676-693/amos.gltron D/FPS: 107.97252962901179
09-13 00:37:54.659      676-693/amos.gltron D/FPS: 78.20073252190168
09-13 00:37:54.699      676-693/amos.gltron D/FPS: 23.963605226634836
09-13 00:37:54.789      676-693/amos.gltron D/FPS: 12.212388630495777
09-13 00:37:54.799      676-693/amos.gltron D/FPS: 52.45443204806337
09-13 00:37:54.829      676-693/amos.gltron D/FPS: 46.68170782413899
09-13 00:37:54.839      676-693/amos.gltron D/FPS: 54.42177166921206
09-13 00:37:54.899      676-691/amos.gltron I/AMOS: CPU Usage: 0.0 Temperature: 52.75 Time: 5624895365224
09-13 00:37:54.929      676-693/amos.gltron D/FPS: 11.454753591583579
09-13 00:37:54.979      676-693/amos.gltron D/FPS: 22.994948032912117
09-13 00:37:54.989      676-693/amos.gltron D/FPS: 72.51440208539817
09-13 00:37:55.009      676-693/amos.gltron D/FPS: 41.51109174295817
09-13 00:37:55.029      676-693/amos.gltron D/FPS: 61.952867126030654
09-13 00:37:55.129      676-693/amos.gltron D/FPS: 9.806490388398899
09-13 00:37:55.149      676-691/amos.gltron I/AMOS: CPU Usage: 0.0 Temperature: 52.5 Time: 5625149364963
09-13 00:37:55.179      676-693/amos.gltron D/FPS: 20.577697455250814
09-13 00:37:55.199      676-693/amos.gltron D/FPS: 56.60811425238343
09-13 00:37:55.219      676-693/amos.gltron D/FPS: 52.09576848473779
09-13 00:37:55.249      676-693/amos.gltron D/FPS: 33.03743246818429
09-13 00:37:55.329      676-693/amos.gltron D/FPS: 12.544386901808522
09-13 00:37:55.339      676-693/amos.gltron D/FPS: 101.55452558955703
09-13 00:37:55.349      676-693/amos.gltron D/FPS: 74.40995509954489
09-13 00:37:55.359      676-693/amos.gltron D/FPS: 83.37856620549982
09-13 00:37:55.399      676-693/amos.gltron D/FPS: 25.61731779868441
09-13 00:37:55.409      676-691/amos.gltron I/AMOS: CPU Usage: 0.0 Temperature: 52.0 Time: 5625400317932
09-13 00:37:55.489      676-693/amos.gltron D/FPS: 11.366233031237046
09-13 00:37:55.499      676-693/amos.gltron D/FPS: 80.74147154077093
09-13 00:37:55.509      676-693/amos.gltron D/FPS: 82.59415010413058
09-13 00:37:55.529      676-693/amos.gltron D/FPS: 78.0700399117465
09-13 00:37:55.629      676-693/amos.gltron D/FPS: 9.768675707816994
09-13 00:37:55.659      676-691/amos.gltron I/AMOS: CPU Usage: 0.0 Temperature: 52.0 Time: 5625651810588
09-13 00:37:55.679      676-693/amos.gltron D/FPS: 19.657649840288475
09-13 00:37:55.689      676-693/amos.gltron D/FPS: 86.07935810966976
09-13 00:37:55.699      676-693/amos.gltron D/FPS: 99.61502776370439
09-13 00:37:55.709      676-693/amos.gltron D/FPS: 105.36077742767561
09-13 00:37:55.749      676-693/amos.gltron D/FPS: 24.352224140988078
09-13 00:37:55.779      676-693/amos.gltron D/FPS: 39.351358957862686
09-13 00:37:55.789      676-693/amos.gltron D/FPS: 103.1365261514007
09-13 00:37:55.799      676-693/amos.gltron D/FPS: 74.10181010714604
09-13 00:37:55.819      676-693/amos.gltron D/FPS: 41.34758733520092
09-13 00:37:55.879      676-693/amos.gltron D/FPS: 17.40945468835135
09-13 00:37:55.899      676-693/amos.gltron D/FPS: 64.76356344928408
09-13 00:37:55.909      676-691/amos.gltron I/AMOS: CPU Usage: 0.0 Temperature: 52.5 Time: 5625902687671
09-13 00:37:55.909      676-693/amos.gltron D/FPS: 67.52835549411375
09-13 00:37:55.929      676-693/amos.gltron D/FPS: 49.582935616211024
09-13 00:37:55.969      676-693/amos.gltron D/FPS: 25.84810742225303
09-13 00:37:55.999      676-693/amos.gltron D/FPS: 32.897498500532016
09-13 00:37:56.019      676-693/amos.gltron D/FPS: 63.800517728441264
09-13 00:37:56.029      676-693/amos.gltron D/FPS: 65.78879848338399
09-13 00:37:56.049      676-693/amos.gltron D/FPS: 68.41261123548524
09-13 00:37:56.099      676-693/amos.gltron D/FPS: 20.267274684907214
09-13 00:37:56.129      676-693/amos.gltron D/FPS: 30.6900956493659
09-13 00:37:56.139      676-693/amos.gltron D/FPS: 91.19320749217859
09-13 00:37:56.149      676-693/amos.gltron D/FPS: 88.15386587318784
09-13 00:37:56.169      676-691/amos.gltron I/AMOS: CPU Usage: 0.0 Temperature: 53.5 Time: 5626164800952
09-13 00:37:56.169      676-693/amos.gltron D/FPS: 46.751729568547454
09-13 00:37:56.219      676-693/amos.gltron D/FPS: 22.089201053478178
09-13 00:37:56.229      676-693/amos.gltron D/FPS: 78.86241284914756
09-13 00:37:56.249      676-693/amos.gltron D/FPS: 46.05266278568597
09-13 00:37:56.269      676-693/amos.gltron D/FPS: 66.07315355268739
09-13 00:37:56.329      676-693/amos.gltron D/FPS: 16.95509458458857
09-13 00:37:56.359      676-693/amos.gltron D/FPS: 28.50191321942677
09-13 00:37:56.379      676-693/amos.gltron D/FPS: 53.84772702820964
09-13 00:37:56.409      676-693/amos.gltron D/FPS: 39.5288649456405
09-13 00:37:56.419      676-691/amos.gltron I/AMOS: CPU Usage: 0.0 Temperature: 53.5 Time: 5626417022202
09-13 00:37:56.439      676-693/amos.gltron D/FPS: 26.724793448748272
09-13 00:37:56.489      676-693/amos.gltron D/FPS: 22.03087962649023
09-13 00:37:56.499      676-693/amos.gltron D/FPS: 65.78158854905682
09-13 00:37:56.529      676-693/amos.gltron D/FPS: 41.299114869110305
09-13 00:37:56.609      676-693/amos.gltron D/FPS: 11.708302306820066
09-13 00:37:56.669      676-693/amos.gltron D/FPS: 16.78161795270638
09-13 00:37:56.669      676-691/amos.gltron I/AMOS: CPU Usage: 0.0 Temperature: 53.5 Time: 5626669520639
09-13 00:37:56.679      676-693/amos.gltron D/FPS: 90.99827749360533
09-13 00:37:56.689      676-693/amos.gltron D/FPS: 92.82178505017899
09-13 00:37:56.709      676-693/amos.gltron D/FPS: 93.61651455231272
09-13 00:37:56.759      676-693/amos.gltron D/FPS: 17.211179624992493
09-13 00:37:56.789      676-693/amos.gltron D/FPS: 40.976521313794144
09-13 00:37:56.799      676-693/amos.gltron D/FPS: 90.79087293880886
09-13 00:37:56.809      676-693/amos.gltron D/FPS: 99.61812388390345
09-13 00:37:56.879      676-693/amos.gltron D/FPS: 13.364340563544038
09-13 00:37:56.929      676-691/amos.gltron I/AMOS: CPU Usage: 0.0 Temperature: 53.75 Time: 5626922948140
09-13 00:37:56.949      676-693/amos.gltron D/FPS: 15.236499033434592
09-13 00:37:56.959      676-693/amos.gltron D/FPS: 64.1816350541093
09-13 00:37:56.989      676-693/amos.gltron D/FPS: 45.90665506024009
09-13 00:37:57.029      676-693/amos.gltron D/FPS: 25.97490439806562
09-13 00:37:57.109      676-693/amos.gltron D/FPS: 11.460935013335256
09-13 00:37:57.129      676-693/amos.gltron D/FPS: 46.95639450771714
09-13 00:37:57.149      676-693/amos.gltron D/FPS: 54.03625421982618
09-13 00:37:57.169      676-693/amos.gltron D/FPS: 63.82702773360948
09-13 00:37:57.179      676-691/amos.gltron I/AMOS: CPU Usage: 0.0 Temperature: 53.25 Time: 5627176460379
09-13 00:37:57.209      676-693/amos.gltron D/FPS: 26.68823930426109
09-13 00:37:57.249      676-693/amos.gltron D/FPS: 22.157289546629507
09-13 00:37:57.269      676-693/amos.gltron D/FPS: 60.69936841093181
09-13 00:37:57.289      676-693/amos.gltron D/FPS: 44.48542837532409
09-13 00:37:57.329      676-693/amos.gltron D/FPS: 22.154502799675598
09-13 00:37:57.389      676-693/amos.gltron D/FPS: 17.034021813291382
09-13 00:37:57.409      676-693/amos.gltron D/FPS: 68.24458148259716
09-13 00:37:57.429      676-693/amos.gltron D/FPS: 46.095452434701876
09-13 00:37:57.429      676-691/amos.gltron I/AMOS: CPU Usage: 0.0 Temperature: 53.0 Time: 5627429021056
09-13 00:37:57.459      676-693/amos.gltron D/FPS: 39.17831630637177
09-13 00:37:57.509      676-693/amos.gltron D/FPS: 16.724767953043273
09-13 00:37:57.529      676-693/amos.gltron D/FPS: 72.51193075052603
09-13 00:37:57.539      676-693/amos.gltron D/FPS: 84.60758704999657
09-13 00:37:57.559      676-693/amos.gltron D/FPS: 50.93081410512599
09-13 00:37:57.619      676-693/amos.gltron D/FPS: 17.06643918696098
09-13 00:37:57.649      676-693/amos.gltron D/FPS: 36.694371406336735
09-13 00:37:57.659      676-693/amos.gltron D/FPS: 91.03150345446349
09-13 00:37:57.669      676-693/amos.gltron D/FPS: 72.91646842501814
09-13 00:37:57.689      676-691/amos.gltron I/AMOS: CPU Usage: 0.0 Temperature: 54.0 Time: 5627683404181
09-13 00:37:57.749      676-693/amos.gltron D/FPS: 13.262425334203172
09-13 00:37:57.779      676-693/amos.gltron D/FPS: 26.131373494257996
09-13 00:37:57.799      676-693/amos.gltron D/FPS: 48.79834085641088
09-13 00:37:57.819      676-693/amos.gltron D/FPS: 53.34459686714651
09-13 00:37:57.899      676-693/amos.gltron D/FPS: 13.66494529806245
09-13 00:37:57.939      676-691/amos.gltron I/AMOS: CPU Usage: 0.0 Temperature: 53.0 Time: 5627937425587
09-13 00:37:57.939      676-693/amos.gltron D/FPS: 21.57138617749148
09-13 00:37:57.969      676-693/amos.gltron D/FPS: 34.40391552338728
09-13 00:37:57.979      676-693/amos.gltron D/FPS: 89.04678268631348
09-13 00:37:57.999      676-693/amos.gltron D/FPS: 55.45959197490831
09-13 00:37:58.109      676-693/amos.gltron D/FPS: 9.538093045242228
09-13 00:37:58.159      676-693/amos.gltron D/FPS: 18.93039339780571
09-13 00:37:58.179      676-693/amos.gltron D/FPS: 47.1192226119872
09-13 00:37:58.189      676-691/amos.gltron I/AMOS: CPU Usage: 0.0 Temperature: 52.75 Time: 5628188795222
09-13 00:37:58.199      676-693/amos.gltron D/FPS: 46.7827152463372
09-13 00:37:58.249      676-693/amos.gltron D/FPS: 20.796280859679154
09-13 00:37:58.279      676-693/amos.gltron D/FPS: 34.87763721586192
09-13 00:37:58.299      676-693/amos.gltron D/FPS: 58.67898925441009
09-13 00:37:58.319      676-693/amos.gltron D/FPS: 50.645999857380865
09-13 00:37:58.409      676-693/amos.gltron D/FPS: 10.726089200839317
09-13 00:37:58.449      676-691/amos.gltron I/AMOS: CPU Usage: 0.0 Temperature: 52.25 Time: 5628439972670
09-13 00:37:58.449      676-693/amos.gltron D/FPS: 24.043127407874127
09-13 00:37:58.459      676-693/amos.gltron D/FPS: 67.45481320109582
09-13 00:37:58.479      676-693/amos.gltron D/FPS: 51.333603382309526
09-13 00:37:58.529      676-693/amos.gltron D/FPS: 21.059928511651467
09-13 00:37:58.569      676-693/amos.gltron D/FPS: 23.830565063686233
09-13 00:37:58.579      676-693/amos.gltron D/FPS: 93.9596621774306
09-13 00:37:58.599      676-693/amos.gltron D/FPS: 77.94801537727268
09-13 00:37:58.639      676-693/amos.gltron D/FPS: 21.41263201824442
09-13 00:37:58.679      676-693/amos.gltron D/FPS: 26.65278447503023
09-13 00:37:58.689      676-693/amos.gltron D/FPS: 93.11935498830141
09-13 00:37:58.699      676-691/amos.gltron I/AMOS: CPU Usage: 0.0 Temperature: 53.75 Time: 5628696863503
