09-13 00:53:20.729  24492-24492/? V/Zygote: Switching descriptor 33 to /dev/null
09-13 00:53:20.729  24492-24492/? V/Zygote: Switching descriptor 10 to /dev/null
09-13 00:53:20.729  24492-24492/? D/dalvikvm: Late-enabling CheckJNI
09-13 00:53:20.779  24492-24492/amos.gltron D/ActivityThread: handleBindApplication:amos.gltron
09-13 00:53:20.779  24492-24492/amos.gltron D/ActivityThread: setTargetHeapUtilization:0.75
09-13 00:53:20.779  24492-24492/amos.gltron D/ActivityThread: setTargetHeapMinFree:524288
09-13 00:53:20.799  24492-24505/amos.gltron I/AMOS: CPU Usage: 0.0 Temperature: 56.25 Time: 6550797197318
09-13 00:53:20.809  24492-24492/amos.gltron E/GLTRON: Renderer Constructor: Create Video Object
09-13 00:53:20.809  24492-24492/amos.gltron E/GLTRON: Screen size = 1080,1776
09-13 00:53:20.879  24492-24492/amos.gltron I/Adreno-EGL: <qeglDrvAPI_eglInitialize:320>: EGL 1.4 QUALCOMM Build: I0404c4692afb8623f95c43aeb6d5e13ed4b30ddbDate: 11/06/13
09-13 00:53:20.919  24492-24492/amos.gltron D/OpenGLRenderer: Enabling debug mode 0
09-13 00:53:20.959  24492-24506/amos.gltron E/GLTRON: Renderer: Surface Created Do perspective
09-13 00:53:20.969  24492-24506/amos.gltron W/Adreno-ES20: <core_glTexParameteriv:566>: GL_INVALID_ENUM
09-13 00:53:20.989  24492-24506/amos.gltron E/GLTRON: Renderer: Surface changed
09-13 00:53:20.989  24492-24506/amos.gltron E/GLTRON: Screen size = 1080,1776
09-13 00:53:21.049  24492-24505/amos.gltron I/AMOS: CPU Usage: 0.0 Temperature: 56.0 Time: 6551048105495
09-13 00:53:21.069  24492-24492/amos.gltron I/Timeline: Timeline: Activity_idle id: android.os.BinderProxy@41a9e590 time:6551066
09-13 00:53:21.129  24492-24492/amos.gltron E/MediaPlayer: Should have subtitle controller already set
09-13 00:53:21.139  24492-24506/amos.gltron E/GLTRON: Start Read Mesh
09-13 00:53:21.139  24492-24506/amos.gltron E/GLTRON: Start Add Material, 2131034115
09-13 00:53:21.299  24492-24505/amos.gltron I/AMOS: CPU Usage: 0.0 Temperature: 58.0 Time: 6551299486537
09-13 00:53:21.559  24492-24505/amos.gltron I/AMOS: CPU Usage: 0.0 Temperature: 57.25 Time: 6551550208256
09-13 00:53:21.809  24492-24505/amos.gltron I/AMOS: CPU Usage: 0.0 Temperature: 57.25 Time: 6551800910131
09-13 00:53:22.079  24492-24505/amos.gltron I/AMOS: CPU Usage: 0.0 Temperature: 57.0 Time: 6552072601224
09-13 00:53:22.339  24492-24505/amos.gltron I/AMOS: CPU Usage: 0.0 Temperature: 58.5 Time: 6552339358151
09-13 00:53:22.609  24492-24505/amos.gltron I/AMOS: CPU Usage: 0.0 Temperature: 58.5 Time: 6552603359974
09-13 00:53:22.909  24492-24505/amos.gltron I/AMOS: CPU Usage: 0.0 Temperature: 57.75 Time: 6552907411849
09-13 00:53:23.169  24492-24505/amos.gltron I/AMOS: CPU Usage: 0.0 Temperature: 57.25 Time: 6553163606745
09-13 00:53:23.429  24492-24505/amos.gltron I/AMOS: CPU Usage: 0.0 Temperature: 57.25 Time: 6553424924401
09-13 00:53:23.729  24492-24505/amos.gltron I/AMOS: CPU Usage: 0.0 Temperature: 58.75 Time: 6553721150078
09-13 00:53:24.229  24492-24505/amos.gltron I/AMOS: CPU Usage: 0.0 Temperature: 58.5 Time: 6554221888672
09-13 00:53:24.489  24492-24505/amos.gltron I/AMOS: CPU Usage: 0.0 Temperature: 58.75 Time: 6554480783619
09-13 00:53:24.739  24492-24505/amos.gltron I/AMOS: CPU Usage: 0.0 Temperature: 58.75 Time: 6554732878828
09-13 00:53:25.139  24492-24505/amos.gltron I/AMOS: CPU Usage: 0.0 Temperature: 57.25 Time: 6555137443775
09-13 00:53:25.399  24492-24505/amos.gltron I/AMOS: CPU Usage: 0.0 Temperature: 58.75 Time: 6555398265858
09-13 00:53:25.659  24492-24505/amos.gltron I/AMOS: CPU Usage: 0.0 Temperature: 57.25 Time: 6555654598879
09-13 00:53:25.919  24492-24505/amos.gltron I/AMOS: CPU Usage: 0.0 Temperature: 57.75 Time: 6555913721327
09-13 00:53:26.759  24492-24505/amos.gltron I/AMOS: CPU Usage: 0.0 Temperature: 58.5 Time: 6556757337524
09-13 00:53:27.059  24492-24505/amos.gltron I/AMOS: CPU Usage: 0.0 Temperature: 58.25 Time: 6557056034399
09-13 00:53:27.389  24492-24505/amos.gltron I/AMOS: CPU Usage: 0.0 Temperature: 58.0 Time: 6557387966482
09-13 00:53:27.499  24492-24506/amos.gltron E/GLTRON: CalVertices...
09-13 00:53:27.499  24492-24506/amos.gltron E/GLTRON: Building Vertex Array
09-13 00:53:27.629  24492-24506/amos.gltron E/GLTRON: Start Read Mesh
09-13 00:53:27.639  24492-24505/amos.gltron I/AMOS: CPU Usage: 0.0 Temperature: 57.75 Time: 6557639186639
09-13 00:53:27.639  24492-24506/amos.gltron E/GLTRON: Start Add Material, 2131034117
09-13 00:53:27.799  24492-24506/amos.gltron E/GLTRON: CalVertices...
09-13 00:53:27.799  24492-24506/amos.gltron E/GLTRON: Building Vertex Array
09-13 00:53:27.809  24492-24506/amos.gltron W/Adreno-ES20: <core_glTexParameteriv:566>: GL_INVALID_ENUM
09-13 00:53:27.809  24492-24506/amos.gltron W/Adreno-ES20: <core_glTexParameteriv:566>: GL_INVALID_ENUM
09-13 00:53:27.809  24492-24506/amos.gltron W/Adreno-ES20: <core_glTexParameteriv:566>: GL_INVALID_ENUM
09-13 00:53:27.809  24492-24506/amos.gltron W/Adreno-ES20: <core_glTexParameteriv:566>: GL_INVALID_ENUM
09-13 00:53:27.809  24492-24506/amos.gltron W/Adreno-ES20: <core_glTexParameteriv:566>: GL_INVALID_ENUM
09-13 00:53:27.809  24492-24506/amos.gltron W/Adreno-ES20: <core_glTexParameteriv:566>: GL_INVALID_ENUM
09-13 00:53:27.819  24492-24506/amos.gltron W/Adreno-ES20: <core_glTexParameteriv:566>: GL_INVALID_ENUM
09-13 00:53:27.819  24492-24506/amos.gltron W/Adreno-ES20: <core_glTexParameteriv:566>: GL_INVALID_ENUM
09-13 00:53:27.829  24492-24506/amos.gltron W/Adreno-ES20: <core_glTexParameteriv:566>: GL_INVALID_ENUM
09-13 00:53:27.839  24492-24506/amos.gltron W/Adreno-ES20: <core_glTexParameteriv:566>: GL_INVALID_ENUM
09-13 00:53:27.849  24492-24506/amos.gltron W/Adreno-ES20: <core_glTexParameteriv:566>: GL_INVALID_ENUM
09-13 00:53:27.849  24492-24506/amos.gltron W/Adreno-ES20: <core_glTexParameteriv:566>: GL_INVALID_ENUM
09-13 00:53:27.879  24492-24506/amos.gltron W/Adreno-ES20: <core_glTexParameteriv:566>: GL_INVALID_ENUM
09-13 00:53:27.899  24492-24506/amos.gltron W/AudioTrack: AUDIO_OUTPUT_FLAG_FAST denied by client due to mismatching sample rate (22050 vs 48000)
09-13 00:53:27.899  24492-24505/amos.gltron I/AMOS: CPU Usage: 0.0 Temperature: 59.0 Time: 6557892136327
09-13 00:53:27.999  24492-24506/amos.gltron D/FPS: 11.378209263746571
09-13 00:53:28.019  24492-24506/amos.gltron D/FPS: 50.56450721499897
09-13 00:53:28.039  24492-24506/amos.gltron D/FPS: 45.710039643403185
09-13 00:53:28.049  24492-24499/amos.gltron I/dalvikvm: Total arena pages for JIT: 11
09-13 00:53:28.079  24492-24506/amos.gltron D/FPS: 24.459783065694793
09-13 00:53:28.139  24492-24506/amos.gltron D/FPS: 17.820944064511817
09-13 00:53:28.149  24492-24505/amos.gltron I/AMOS: CPU Usage: 0.0 Temperature: 60.25 Time: 6558143166326
09-13 00:53:28.159  24492-24506/amos.gltron D/FPS: 59.97732017614859
09-13 00:53:28.169  24492-24506/amos.gltron D/FPS: 63.28362931614128
09-13 00:53:28.189  24492-24506/amos.gltron D/FPS: 62.2650855070853
09-13 00:53:28.239  24492-24506/amos.gltron D/FPS: 20.792812473658106
09-13 00:53:28.259  24492-24506/amos.gltron D/FPS: 35.389423446130046
09-13 00:53:28.279  24492-24506/amos.gltron D/FPS: 64.3362614481552
09-13 00:53:28.289  24492-24506/amos.gltron D/FPS: 67.83853208270739
09-13 00:53:28.379  24492-24506/amos.gltron D/FPS: 11.75061523577486
09-13 00:53:28.399  24492-24505/amos.gltron I/AMOS: CPU Usage: 0.0 Temperature: 59.25 Time: 6558394309868
09-13 00:53:28.439  24492-24506/amos.gltron D/FPS: 15.763482439535734
09-13 00:53:28.479  24492-24506/amos.gltron D/FPS: 24.527996119867236
09-13 00:53:28.519  24492-24506/amos.gltron D/FPS: 32.02433644614153
09-13 00:53:28.539  24492-24506/amos.gltron D/FPS: 38.326185116547244
09-13 00:53:28.609  24492-24506/amos.gltron D/FPS: 14.1116702186211
09-13 00:53:28.639  24492-24506/amos.gltron D/FPS: 35.76951000528638
09-13 00:53:28.649  24492-24505/amos.gltron I/AMOS: CPU Usage: 0.0 Temperature: 58.75 Time: 6558645564399
09-13 00:53:28.659  24492-24506/amos.gltron D/FPS: 46.845494657974015
09-13 00:53:28.669  24492-24506/amos.gltron D/FPS: 75.51414561181258
09-13 00:53:28.699  24492-24492/amos.gltron W/AudioTrack: AUDIO_OUTPUT_FLAG_FAST denied by client due to mismatching sample rate (22050 vs 48000)
09-13 00:53:28.729  24492-24506/amos.gltron D/FPS: 18.37531560063927
09-13 00:53:28.749  24492-24492/amos.gltron E/MediaPlayer: Should have subtitle controller already set
09-13 00:53:28.759  24492-24506/amos.gltron D/FPS: 30.725162377874394
09-13 00:53:28.769  24492-24506/amos.gltron D/FPS: 80.26218767273927
09-13 00:53:28.789  24492-24506/amos.gltron D/FPS: 50.6758100692936
09-13 00:53:28.809  24492-24506/amos.gltron D/FPS: 56.004267973253704
09-13 00:53:28.889  24492-24506/amos.gltron D/FPS: 13.191696723947652
09-13 00:53:28.909  24492-24505/amos.gltron I/AMOS: CPU Usage: 0.0 Temperature: 59.75 Time: 6558903216013
09-13 00:53:28.929  24492-24506/amos.gltron D/FPS: 26.6096404332422
09-13 00:53:28.939  24492-24506/amos.gltron D/FPS: 89.24380157176184
09-13 00:53:28.949  24492-24506/amos.gltron D/FPS: 90.81535295296109
09-13 00:53:28.959  24492-24506/amos.gltron D/FPS: 66.53821242963085
09-13 00:53:29.029  24492-24506/amos.gltron D/FPS: 14.751143416442996
09-13 00:53:29.039  24492-24506/amos.gltron D/FPS: 72.40665605426445
09-13 00:53:29.059  24492-24506/amos.gltron D/FPS: 83.9630562552477
09-13 00:53:29.069  24492-24506/amos.gltron D/FPS: 85.82309714101808
09-13 00:53:29.079  24492-24506/amos.gltron D/FPS: 71.44372260088586
09-13 00:53:29.109  24492-24506/amos.gltron D/FPS: 32.74450097855304
09-13 00:53:29.119  24492-24506/amos.gltron D/FPS: 87.07798416904832
09-13 00:53:29.129  24492-24506/amos.gltron D/FPS: 90.19208840412044
09-13 00:53:29.149  24492-24506/amos.gltron D/FPS: 64.97439553994957
09-13 00:53:29.159  24492-24505/amos.gltron I/AMOS: CPU Usage: 0.0 Temperature: 61.0 Time: 6559154656742
09-13 00:53:29.169  24492-24506/amos.gltron D/FPS: 47.26142268414066
09-13 00:53:29.199  24492-24506/amos.gltron D/FPS: 35.93392670786947
09-13 00:53:29.219  24492-24506/amos.gltron D/FPS: 59.44934921391909
09-13 00:53:29.229  24492-24506/amos.gltron D/FPS: 54.22625906595269
09-13 00:53:29.249  24492-24506/amos.gltron D/FPS: 65.0860688411445
09-13 00:53:29.299  24492-24506/amos.gltron D/FPS: 19.08250914386132
09-13 00:53:29.349  24492-24506/amos.gltron D/FPS: 22.038289191411423
09-13 00:53:29.359  24492-24506/amos.gltron D/FPS: 90.32658298691584
09-13 00:53:29.369  24492-24506/amos.gltron D/FPS: 94.37997453250767
09-13 00:53:29.379  24492-24506/amos.gltron D/FPS: 96.89433314461547
09-13 00:53:29.409  24492-24506/amos.gltron D/FPS: 33.66944303771641
09-13 00:53:29.409  24492-24505/amos.gltron I/AMOS: CPU Usage: 0.0 Temperature: 60.5 Time: 6559408274086
09-13 00:53:29.459  24492-24506/amos.gltron D/FPS: 20.557097337855893
09-13 00:53:29.469  24492-24506/amos.gltron D/FPS: 96.16540449573266
09-13 00:53:29.479  24492-24506/amos.gltron D/FPS: 70.99384064537945
09-13 00:53:29.489  24492-24506/amos.gltron D/FPS: 92.36808682600162
09-13 00:53:29.549  24492-24506/amos.gltron D/FPS: 18.033756776161567
09-13 00:53:29.609  24492-24506/amos.gltron D/FPS: 17.474068831335675
09-13 00:53:29.619  24492-24506/amos.gltron D/FPS: 85.58018401108845
09-13 00:53:29.629  24492-24506/amos.gltron D/FPS: 81.37800302123973
09-13 00:53:29.639  24492-24506/amos.gltron D/FPS: 86.0257456130956
09-13 00:53:29.659  24492-24505/amos.gltron I/AMOS: CPU Usage: 0.0 Temperature: 58.75 Time: 6559659057940
09-13 00:53:29.709  24492-24506/amos.gltron D/FPS: 14.016481111116732
09-13 00:53:29.779  24492-24506/amos.gltron D/FPS: 14.71285776207929
09-13 00:53:29.799  24492-24506/amos.gltron D/FPS: 65.03315943249724
09-13 00:53:29.809  24492-24506/amos.gltron D/FPS: 71.77114020729084
09-13 00:53:29.849  24492-24506/amos.gltron D/FPS: 24.194005731850286
09-13 00:53:29.899  24492-24506/amos.gltron D/FPS: 18.947505840331832
09-13 00:53:29.919  24492-24505/amos.gltron I/AMOS: CPU Usage: 0.0 Temperature: 59.25 Time: 6559910297159
09-13 00:53:29.979  24492-24506/amos.gltron D/FPS: 12.49202977270427
09-13 00:53:29.999  24492-24506/amos.gltron D/FPS: 60.49854552421778
09-13 00:53:30.019  24492-24506/amos.gltron D/FPS: 67.68117590899372
09-13 00:53:30.029  24492-24506/amos.gltron D/FPS: 58.351925715664485
09-13 00:53:30.049  24492-24506/amos.gltron D/FPS: 56.35836798339727
09-13 00:53:30.089  24492-24506/amos.gltron D/FPS: 28.854693448169627
09-13 00:53:30.109  24492-24506/amos.gltron D/FPS: 41.82851688418541
09-13 00:53:30.119  24492-24506/amos.gltron D/FPS: 104.3847002092287
09-13 00:53:30.129  24492-24506/amos.gltron D/FPS: 99.35728751425653
09-13 00:53:30.149  24492-24506/amos.gltron D/FPS: 60.25797765911375
09-13 00:53:30.169  24492-24505/amos.gltron I/AMOS: CPU Usage: 0.0 Temperature: 60.0 Time: 6560165153305
09-13 00:53:30.199  24492-24506/amos.gltron D/FPS: 17.755435600227205
09-13 00:53:30.219  24492-24506/amos.gltron D/FPS: 46.187488409827125
09-13 00:53:30.229  24492-24506/amos.gltron D/FPS: 94.66895449973374
09-13 00:53:30.239  24492-24506/amos.gltron D/FPS: 106.76453700597646
09-13 00:53:30.259  24492-24506/amos.gltron D/FPS: 78.80316899063779
09-13 00:53:30.309  24492-24506/amos.gltron D/FPS: 18.381103769473608
09-13 00:53:30.329  24492-24506/amos.gltron D/FPS: 42.814615710994495
09-13 00:53:30.339  24492-24506/amos.gltron D/FPS: 97.47577702571967
09-13 00:53:30.349  24492-24506/amos.gltron D/FPS: 93.58458923852092
09-13 00:53:30.379  24492-24506/amos.gltron D/FPS: 40.25081085258463
09-13 00:53:30.419  24492-24505/amos.gltron I/AMOS: CPU Usage: 0.0 Temperature: 60.0 Time: 6560416241429
09-13 00:53:30.449  24492-24506/amos.gltron D/FPS: 13.99983231000859
09-13 00:53:30.479  24492-24506/amos.gltron D/FPS: 33.30263274629228
09-13 00:53:30.489  24492-24506/amos.gltron D/FPS: 80.68244438760814
09-13 00:53:30.499  24492-24506/amos.gltron D/FPS: 87.57166317591422
09-13 00:53:30.519  24492-24506/amos.gltron D/FPS: 94.42962476405577
09-13 00:53:30.549  24492-24506/amos.gltron D/FPS: 30.3787377998989
09-13 00:53:30.569  24492-24506/amos.gltron D/FPS: 40.22795897053918
09-13 00:53:30.589  24492-24506/amos.gltron D/FPS: 81.27706424643075
09-13 00:53:30.599  24492-24506/amos.gltron D/FPS: 92.85051067780873
09-13 00:53:30.619  24492-24506/amos.gltron D/FPS: 44.570521574048975
09-13 00:53:30.669  24492-24505/amos.gltron I/AMOS: CPU Usage: 0.0 Temperature: 60.75 Time: 6560669312783
09-13 00:53:30.729  24492-24506/amos.gltron D/FPS: 8.902609590790215
09-13 00:53:30.749  24492-24506/amos.gltron D/FPS: 64.0209128152966
09-13 00:53:30.759  24492-24506/amos.gltron D/FPS: 64.52003353493264
09-13 00:53:30.779  24492-24506/amos.gltron D/FPS: 77.12980854221885
09-13 00:53:30.799  24492-24506/amos.gltron D/FPS: 35.69668979597985
09-13 00:53:30.839  24492-24506/amos.gltron D/FPS: 26.878634444953914
09-13 00:53:30.849  24492-24506/amos.gltron D/FPS: 68.96675864303488
09-13 00:53:30.869  24492-24506/amos.gltron D/FPS: 68.95461765629874
09-13 00:53:30.879  24492-24506/amos.gltron D/FPS: 70.6529134647355
09-13 00:53:30.929  24492-24505/amos.gltron I/AMOS: CPU Usage: 0.0 Temperature: 59.0 Time: 6560924029346
09-13 00:53:30.939  24492-24506/amos.gltron D/FPS: 16.66017336409801
09-13 00:53:31.009  24492-24506/amos.gltron D/FPS: 15.354742378976876
09-13 00:53:31.019  24492-24506/amos.gltron D/FPS: 93.7330636070695
09-13 00:53:31.029  24492-24506/amos.gltron D/FPS: 86.0319180136469
09-13 00:53:31.049  24492-24506/amos.gltron D/FPS: 48.01272452430433
09-13 00:53:31.089  24492-24506/amos.gltron D/FPS: 25.08702123207429
09-13 00:53:31.109  24492-24506/amos.gltron D/FPS: 51.488748241079996
09-13 00:53:31.129  24492-24506/amos.gltron D/FPS: 63.33205254812397
09-13 00:53:31.159  24492-24506/amos.gltron D/FPS: 34.824752096519724
09-13 00:53:31.179  24492-24505/amos.gltron I/AMOS: CPU Usage: 0.0 Temperature: 58.75 Time: 6561177606168
09-13 00:53:31.209  24492-24506/amos.gltron D/FPS: 18.103882285226266
09-13 00:53:31.239  24492-24506/amos.gltron D/FPS: 29.707382872850083
09-13 00:53:31.279  24492-24506/amos.gltron D/FPS: 31.978413291891442
09-13 00:53:31.299  24492-24506/amos.gltron D/FPS: 35.094519015228144
09-13 00:53:31.339  24492-24506/amos.gltron D/FPS: 25.326474079936684
09-13 00:53:31.369  24492-24506/amos.gltron D/FPS: 35.01975271642093
09-13 00:53:31.379  24492-24506/amos.gltron D/FPS: 81.38973294563606
09-13 00:53:31.399  24492-24506/amos.gltron D/FPS: 94.11118106708903
09-13 00:53:31.409  24492-24506/amos.gltron D/FPS: 94.68996658485769
09-13 00:53:31.439  24492-24505/amos.gltron I/AMOS: CPU Usage: 0.0 Temperature: 60.5 Time: 6561432441169
09-13 00:53:31.479  24492-24506/amos.gltron D/FPS: 12.911104412256314
09-13 00:53:31.529  24492-24506/amos.gltron D/FPS: 21.651270051593027
09-13 00:53:31.539  24492-24506/amos.gltron D/FPS: 66.37971600500583
09-13 00:53:31.559  24492-24506/amos.gltron D/FPS: 70.91988839762682
09-13 00:53:31.579  24492-24506/amos.gltron D/FPS: 52.82823622737505
09-13 00:53:31.659  24492-24506/amos.gltron D/FPS: 12.711956945517086
09-13 00:53:31.669  24492-24506/amos.gltron D/FPS: 87.10959222954563
09-13 00:53:31.679  24492-24506/amos.gltron D/FPS: 113.24894927624861
09-13 00:53:31.689  24492-24506/amos.gltron D/FPS: 80.21323244006005
09-13 00:53:31.689  24492-24505/amos.gltron I/AMOS: CPU Usage: 0.0 Temperature: 59.0 Time: 6561686361741
09-13 00:53:31.759  24492-24506/amos.gltron D/FPS: 14.017473706127953
09-13 00:53:31.789  24492-24506/amos.gltron D/FPS: 32.338531127000394
09-13 00:53:31.809  24492-24506/amos.gltron D/FPS: 63.06184954855283
09-13 00:53:31.819  24492-24506/amos.gltron D/FPS: 117.33358489653935
09-13 00:53:31.849  24492-24506/amos.gltron D/FPS: 27.04023581681495
09-13 00:53:31.899  24492-24506/amos.gltron D/FPS: 20.030086792769684
09-13 00:53:31.909  24492-24506/amos.gltron D/FPS: 95.86578789694428
09-13 00:53:31.919  24492-24506/amos.gltron D/FPS: 89.19073411733773
09-13 00:53:31.939  24492-24506/amos.gltron D/FPS: 89.07817010278285
09-13 00:53:31.949  24492-24505/amos.gltron I/AMOS: CPU Usage: 0.0 Temperature: 59.25 Time: 6561941684294
09-13 00:53:32.039  24492-24506/amos.gltron D/FPS: 9.363953548834923
09-13 00:53:32.089  24492-24506/amos.gltron D/FPS: 20.36007650420907
09-13 00:53:32.099  24492-24506/amos.gltron D/FPS: 81.77833866814326
09-13 00:53:32.119  24492-24506/amos.gltron D/FPS: 77.7337321177436
09-13 00:53:32.169  24492-24506/amos.gltron D/FPS: 17.861611768615894
09-13 00:53:32.199  24492-24505/amos.gltron I/AMOS: CPU Usage: 0.0 Temperature: 60.5 Time: 6562198362574
09-13 00:53:32.229  24492-24506/amos.gltron D/FPS: 17.297141417328806
09-13 00:53:32.269  24492-24506/amos.gltron D/FPS: 27.814396976641802
09-13 00:53:32.279  24492-24506/amos.gltron D/FPS: 67.71292617415399
09-13 00:53:32.299  24492-24506/amos.gltron D/FPS: 53.88036705030206
09-13 00:53:32.389  24492-24506/amos.gltron D/FPS: 10.572780488703307
09-13 00:53:32.409  24492-24506/amos.gltron D/FPS: 79.44585562352324
09-13 00:53:32.419  24492-24506/amos.gltron D/FPS: 79.87619828275758
09-13 00:53:32.449  24492-24506/amos.gltron D/FPS: 37.857427112338435
09-13 00:53:32.459  24492-24505/amos.gltron I/AMOS: CPU Usage: 0.0 Temperature: 59.5 Time: 6562452945648
09-13 00:53:32.499  24492-24506/amos.gltron D/FPS: 17.345803138698795
09-13 00:53:32.509  24492-24506/amos.gltron D/FPS: 93.4292951852801
09-13 00:53:32.539  24492-24506/amos.gltron D/FPS: 39.28059167569629
09-13 00:53:32.559  24492-24506/amos.gltron D/FPS: 41.0696069876815
09-13 00:53:32.629  24492-24506/amos.gltron D/FPS: 14.059599570512976
09-13 00:53:32.649  24492-24506/amos.gltron D/FPS: 85.08525287081898
09-13 00:53:32.659  24492-24506/amos.gltron D/FPS: 78.42592886689826
09-13 00:53:32.669  24492-24506/amos.gltron D/FPS: 64.754827860946
09-13 00:53:32.709  24492-24505/amos.gltron I/AMOS: CPU Usage: 0.0 Temperature: 60.25 Time: 6562706432783
09-13 00:53:32.789  24492-24506/amos.gltron D/FPS: 8.468390183923104
09-13 00:53:32.819  24492-24506/amos.gltron D/FPS: 38.068348064388196
09-13 00:53:32.839  24492-24506/amos.gltron D/FPS: 52.07386782298426
09-13 00:53:32.859  24492-24506/amos.gltron D/FPS: 55.449662103621556
09-13 00:53:32.969  24492-24505/amos.gltron I/AMOS: CPU Usage: 0.0 Temperature: 59.25 Time: 6562962224241
09-13 00:53:32.969  24492-24506/amos.gltron D/FPS: 8.783848736784172
09-13 00:53:32.989  24492-24506/amos.gltron D/FPS: 47.008934330023024
09-13 00:53:33.009  24492-24506/amos.gltron D/FPS: 56.62681215000737
09-13 00:53:33.029  24492-24506/amos.gltron D/FPS: 39.15307053453064
09-13 00:53:33.089  24492-24506/amos.gltron D/FPS: 16.652312650700306
09-13 00:53:33.109  24492-24506/amos.gltron D/FPS: 86.90968119964562
09-13 00:53:33.119  24492-24506/amos.gltron D/FPS: 76.45046602292825
09-13 00:53:33.179  24492-24506/amos.gltron D/FPS: 17.257682464441235
09-13 00:53:33.209  24492-24506/amos.gltron D/FPS: 30.35021292798884
09-13 00:53:33.219  24492-24505/amos.gltron I/AMOS: CPU Usage: 0.0 Temperature: 58.25 Time: 6563213982991
09-13 00:53:33.219  24492-24506/amos.gltron D/FPS: 89.9638732074361
09-13 00:53:33.229  24492-24506/amos.gltron D/FPS: 82.02884905403921
09-13 00:53:33.299  24492-24506/amos.gltron D/FPS: 14.817741702964824
09-13 00:53:33.379  24492-24506/amos.gltron D/FPS: 12.432889902296507
09-13 00:53:33.389  24492-24506/amos.gltron D/FPS: 75.9758162898684
09-13 00:53:33.409  24492-24506/amos.gltron D/FPS: 63.841036839725675
09-13 00:53:33.469  24492-24505/amos.gltron I/AMOS: CPU Usage: 0.0 Temperature: 59.25 Time: 6563469785543
09-13 00:53:33.479  24492-24506/amos.gltron D/FPS: 14.823312855371324
09-13 00:53:33.509  24492-24506/amos.gltron D/FPS: 29.486746901481034
09-13 00:53:33.519  24492-24506/amos.gltron D/FPS: 76.54312274968004
09-13 00:53:33.539  24492-24506/amos.gltron D/FPS: 67.06884724479833
09-13 00:53:33.569  24492-24506/amos.gltron D/FPS: 29.653929157474938
09-13 00:53:33.589  24492-24506/amos.gltron D/FPS: 52.01842409351914
09-13 00:53:33.609  24492-24506/amos.gltron D/FPS: 75.68559989882348
09-13 00:53:33.619  24492-24506/amos.gltron D/FPS: 56.81011542736063
09-13 00:53:33.679  24492-24506/amos.gltron D/FPS: 19.174823364882755
09-13 00:53:33.689  24492-24506/amos.gltron D/FPS: 65.61433520999081
09-13 00:53:33.709  24492-24506/amos.gltron D/FPS: 65.38663608315741
09-13 00:53:33.719  24492-24506/amos.gltron D/FPS: 53.822069298174746
09-13 00:53:33.729  24492-24505/amos.gltron I/AMOS: CPU Usage: 0.0 Temperature: 59.0 Time: 6563720837572
09-13 00:53:33.779  24492-24506/amos.gltron D/FPS: 16.654478918993746
09-13 00:53:33.799  24492-24506/amos.gltron D/FPS: 87.66282493102689
09-13 00:53:33.809  24492-24506/amos.gltron D/FPS: 94.38275377917985
09-13 00:53:33.869  24492-24506/amos.gltron D/FPS: 15.75927691898824
09-13 00:53:33.899  24492-24506/amos.gltron D/FPS: 38.30790754509099
09-13 00:53:33.909  24492-24506/amos.gltron D/FPS: 85.52681825953096
09-13 00:53:33.929  24492-24506/amos.gltron D/FPS: 38.37728114079385
09-13 00:53:33.999  24492-24505/amos.gltron I/AMOS: CPU Usage: 0.0 Temperature: 58.5 Time: 6563992541063
09-13 00:53:34.039  24492-24506/amos.gltron D/FPS: 9.553503085198733
09-13 00:53:34.049  24492-24506/amos.gltron D/FPS: 79.4146441874516
09-13 00:53:34.059  24492-24506/amos.gltron D/FPS: 77.73909221418893
09-13 00:53:34.079  24492-24506/amos.gltron D/FPS: 63.52357118337044
09-13 00:53:34.129  24492-24506/amos.gltron D/FPS: 20.60174270553581
09-13 00:53:34.139  24492-24506/amos.gltron D/FPS: 72.71625687541298
09-13 00:53:34.159  24492-24506/amos.gltron D/FPS: 64.36839733118326
09-13 00:53:34.179  24492-24506/amos.gltron D/FPS: 56.31472814853392
09-13 00:53:34.219  24492-24506/amos.gltron D/FPS: 20.65353441972439
09-13 00:53:34.239  24492-24506/amos.gltron D/FPS: 81.00957371142121
09-13 00:53:34.249  24492-24506/amos.gltron D/FPS: 75.73636383809777
09-13 00:53:34.249  24492-24505/amos.gltron I/AMOS: CPU Usage: 0.0 Temperature: 59.25 Time: 6564244644969
09-13 00:53:34.349  24492-24506/amos.gltron D/FPS: 9.866782939467967
09-13 00:53:34.389  24492-24506/amos.gltron D/FPS: 23.397942305400658
09-13 00:53:34.409  24492-24506/amos.gltron D/FPS: 76.97271840547012
09-13 00:53:34.419  24492-24506/amos.gltron D/FPS: 84.86263582158784
09-13 00:53:34.499  24492-24505/amos.gltron I/AMOS: CPU Usage: 0.0 Temperature: 59.25 Time: 6564495759136
09-13 00:53:34.499  24492-24506/amos.gltron D/FPS: 12.011636296685687
09-13 00:53:34.529  24492-24506/amos.gltron D/FPS: 38.570867585710154
09-13 00:53:34.549  24492-24506/amos.gltron D/FPS: 52.75116584032845
09-13 00:53:34.629  24492-24506/amos.gltron D/FPS: 12.562345507489802
09-13 00:53:34.689  24492-24506/amos.gltron D/FPS: 15.669913399596801
09-13 00:53:34.709  24492-24506/amos.gltron D/FPS: 51.91630613820505
09-13 00:53:34.719  24492-24506/amos.gltron D/FPS: 81.58894802637151
09-13 00:53:34.749  24492-24505/amos.gltron I/AMOS: CPU Usage: 0.0 Temperature: 59.0 Time: 6564746776948
09-13 00:53:34.799  24492-24506/amos.gltron D/FPS: 12.07219928477531
09-13 00:53:34.839  24492-24506/amos.gltron D/FPS: 25.87451125959113
09-13 00:53:34.859  24492-24506/amos.gltron D/FPS: 77.19616727205188
09-13 00:53:34.879  24492-24506/amos.gltron D/FPS: 50.373207538672894
09-13 00:53:34.939  24492-24506/amos.gltron D/FPS: 16.076901349609244
09-13 00:53:34.959  24492-24506/amos.gltron D/FPS: 41.73160103788161
09-13 00:53:34.989  24492-24506/amos.gltron D/FPS: 39.634944719755374
09-13 00:53:34.999  24492-24505/amos.gltron I/AMOS: CPU Usage: 0.0 Temperature: 58.75 Time: 6564999380542
09-13 00:53:35.029  24492-24506/amos.gltron D/FPS: 23.490433673574255
09-13 00:53:35.089  24492-24506/amos.gltron D/FPS: 16.60190209320434
09-13 00:53:35.099  24492-24506/amos.gltron D/FPS: 82.33311633068305
09-13 00:53:35.119  24492-24506/amos.gltron D/FPS: 74.31318086200763
09-13 00:53:35.169  24492-24506/amos.gltron D/FPS: 18.85069676982189
09-13 00:53:35.199  24492-24506/amos.gltron D/FPS: 28.57959416976279
09-13 00:53:35.219  24492-24506/amos.gltron D/FPS: 85.92987640877736
09-13 00:53:35.249  24492-24506/amos.gltron D/FPS: 25.144976505162578
09-13 00:53:35.259  24492-24505/amos.gltron I/AMOS: CPU Usage: 0.0 Temperature: 59.25 Time: 6565252980282
09-13 00:53:35.309  24492-24506/amos.gltron D/FPS: 17.523636450362435
09-13 00:53:35.319  24492-24506/amos.gltron D/FPS: 93.8737608194203
09-13 00:53:35.339  24492-24506/amos.gltron D/FPS: 74.39437768954274
09-13 00:53:35.419  24492-24506/amos.gltron D/FPS: 11.61152217383301
09-13 00:53:35.449  24492-24506/amos.gltron D/FPS: 34.4747093704432
09-13 00:53:35.459  24492-24506/amos.gltron D/FPS: 106.05507673455995
09-13 00:53:35.479  24492-24506/amos.gltron D/FPS: 58.12721326630413
09-13 00:53:35.509  24492-24505/amos.gltron I/AMOS: CPU Usage: 0.0 Temperature: 60.0 Time: 6565506839969
09-13 00:53:35.539  24492-24506/amos.gltron D/FPS: 16.53788095070787
09-13 00:53:35.549  24492-24506/amos.gltron D/FPS: 71.12006781440707
09-13 00:53:35.569  24492-24506/amos.gltron D/FPS: 70.38303149570277
09-13 00:53:35.649  24492-24506/amos.gltron D/FPS: 11.39627529608435
09-13 00:53:35.669  24492-24506/amos.gltron D/FPS: 71.39165174581146
09-13 00:53:35.679  24492-24506/amos.gltron D/FPS: 85.22122492557205
09-13 00:53:35.709  24492-24506/amos.gltron D/FPS: 36.92385720938866
09-13 00:53:35.769  24492-24505/amos.gltron I/AMOS: CPU Usage: 0.0 Temperature: 61.25 Time: 6565764809605
09-13 00:53:35.769  24492-24506/amos.gltron D/FPS: 15.132289348620617
09-13 00:53:35.779  24492-24506/amos.gltron D/FPS: 84.6915672860528
09-13 00:53:35.799  24492-24506/amos.gltron D/FPS: 66.84119347891969
09-13 00:53:35.839  24492-24506/amos.gltron D/FPS: 24.342252261535204
09-13 00:53:35.879  24492-24506/amos.gltron D/FPS: 27.11366471220526
09-13 00:53:35.899  24492-24506/amos.gltron D/FPS: 43.32257085146527
09-13 00:53:35.959  24492-24506/amos.gltron D/FPS: 17.292935215148237
09-13 00:53:35.989  24492-24506/amos.gltron D/FPS: 37.25840162053182
09-13 00:53:35.999  24492-24506/amos.gltron D/FPS: 62.75617462708869
09-13 00:53:36.029  24492-24505/amos.gltron I/AMOS: CPU Usage: 0.0 Temperature: 59.75 Time: 6566020755542
09-13 00:53:36.039  24492-24506/amos.gltron D/FPS: 26.942792933562817
09-13 00:53:36.069  24492-24506/amos.gltron D/FPS: 32.14691190174155
09-13 00:53:36.079  24492-24506/amos.gltron D/FPS: 66.40427680729034
09-13 00:53:36.099  24492-24506/amos.gltron D/FPS: 55.23542636750349
09-13 00:53:36.129  24492-24506/amos.gltron D/FPS: 31.915371668545845
09-13 00:53:36.149  24492-24506/amos.gltron D/FPS: 79.13968201359208
09-13 00:53:36.169  24492-24506/amos.gltron D/FPS: 38.79148390382288
09-13 00:53:36.239  24492-24506/amos.gltron D/FPS: 14.828018121498882
09-13 00:53:36.249  24492-24506/amos.gltron D/FPS: 80.2041870275021
09-13 00:53:36.269  24492-24506/amos.gltron D/FPS: 79.10316627034662
09-13 00:53:36.279  24492-24505/amos.gltron I/AMOS: CPU Usage: 0.0 Temperature: 60.0 Time: 6566276317052
09-13 00:53:36.299  24492-24506/amos.gltron D/FPS: 27.931783545771772
09-13 00:53:36.319  24492-24506/amos.gltron D/FPS: 63.69679915940608
09-13 00:53:36.329  24492-24506/amos.gltron D/FPS: 60.183568309042144
09-13 00:53:36.409  24492-24506/amos.gltron D/FPS: 12.784045184338389
09-13 00:53:36.439  24492-24506/amos.gltron D/FPS: 39.09917074568765
09-13 00:53:36.449  24492-24506/amos.gltron D/FPS: 70.99279231477466
09-13 00:53:36.479  24492-24506/amos.gltron D/FPS: 32.96731590630465
09-13 00:53:36.509  24492-24506/amos.gltron D/FPS: 42.06614783962567
09-13 00:53:36.519  24492-24506/amos.gltron D/FPS: 75.9487710349615
09-13 00:53:36.529  24492-24505/amos.gltron I/AMOS: CPU Usage: 0.0 Temperature: 61.25 Time: 6566527819031
09-13 00:53:36.589  24492-24506/amos.gltron D/FPS: 14.791964844943006
09-13 00:53:36.629  24492-24506/amos.gltron D/FPS: 22.458898587315065
09-13 00:53:36.639  24492-24506/amos.gltron D/FPS: 84.93019799352408
09-13 00:53:36.679  24492-24506/amos.gltron D/FPS: 26.04212579476987
09-13 00:53:36.759  24492-24506/amos.gltron D/FPS: 12.050907564694514
09-13 00:53:36.779  24492-24506/amos.gltron D/FPS: 49.97020027106835
09-13 00:53:36.779  24492-24505/amos.gltron I/AMOS: CPU Usage: 0.0 Temperature: 59.75 Time: 6566779041739
09-13 00:53:36.809  24492-24506/amos.gltron D/FPS: 47.32759303267786
09-13 00:53:36.869  24492-24506/amos.gltron D/FPS: 16.67636564092343
09-13 00:53:36.889  24492-24506/amos.gltron D/FPS: 47.25013878547015
09-13 00:53:36.899  24492-24506/amos.gltron D/FPS: 67.5464136738258
09-13 00:53:36.969  24492-24506/amos.gltron D/FPS: 15.58146878466195
09-13 00:53:36.979  24492-24506/amos.gltron D/FPS: 87.63961538478392
09-13 00:53:36.989  24492-24506/amos.gltron D/FPS: 86.01649607158362
09-13 00:53:37.039  24492-24505/amos.gltron I/AMOS: CPU Usage: 0.0 Temperature: 60.25 Time: 6567030126479
09-13 00:53:37.089  24492-24506/amos.gltron D/FPS: 10.076084920276404
09-13 00:53:37.099  24492-24506/amos.gltron D/FPS: 83.22460731925467
09-13 00:53:37.109  24492-24506/amos.gltron D/FPS: 73.02573821353631
09-13 00:53:37.209  24492-24506/amos.gltron D/FPS: 10.823578420927795
09-13 00:53:37.239  24492-24506/amos.gltron D/FPS: 26.731826027244598
09-13 00:53:37.249  24492-24506/amos.gltron D/FPS: 85.5546383147721
09-13 00:53:37.289  24492-24505/amos.gltron I/AMOS: CPU Usage: 0.0 Temperature: 61.5 Time: 6567285400645
09-13 00:53:37.299  24492-24506/amos.gltron D/FPS: 22.73459223258106
09-13 00:53:37.329  24492-24506/amos.gltron D/FPS: 27.400779585060132
09-13 00:53:37.349  24492-24506/amos.gltron D/FPS: 82.82323194969118
09-13 00:53:37.359  24492-24506/amos.gltron D/FPS: 58.45834699553618
09-13 00:53:37.419  24492-24506/amos.gltron D/FPS: 19.00271364451658
09-13 00:53:37.429  24492-24506/amos.gltron D/FPS: 82.56111173490618
09-13 00:53:37.449  24492-24506/amos.gltron D/FPS: 41.223833377882556
09-13 00:53:37.519  24492-24506/amos.gltron D/FPS: 14.510179507607216
09-13 00:53:37.539  24492-24506/amos.gltron D/FPS: 74.80101247658448
09-13 00:53:37.539  24492-24505/amos.gltron I/AMOS: CPU Usage: 0.0 Temperature: 61.0 Time: 6567538420124
09-13 00:53:37.549  24492-24506/amos.gltron D/FPS: 57.98747621281242
09-13 00:53:37.649  24492-24506/amos.gltron D/FPS: 10.636252769866356
09-13 00:53:37.659  24492-24506/amos.gltron D/FPS: 66.56612519117792
09-13 00:53:37.669  24492-24506/amos.gltron D/FPS: 76.07696645835019
09-13 00:53:37.729  24492-24506/amos.gltron D/FPS: 17.15688902709716
09-13 00:53:37.749  24492-24506/amos.gltron D/FPS: 69.13910885496371
09-13 00:53:37.759  24492-24506/amos.gltron D/FPS: 81.65556994689612
09-13 00:53:37.779  24492-24506/amos.gltron D/FPS: 47.5209869310633
09-13 00:53:37.799  24492-24505/amos.gltron I/AMOS: CPU Usage: 0.0 Temperature: 59.25 Time: 6567799346322
09-13 00:53:37.819  24492-24506/amos.gltron D/FPS: 27.91882601336614
09-13 00:53:37.829  24492-24506/amos.gltron D/FPS: 57.71017120991913
09-13 00:53:37.889  24492-24506/amos.gltron D/FPS: 18.70624818993666
09-13 00:53:37.919  24492-24506/amos.gltron D/FPS: 30.46550375776756
09-13 00:53:37.939  24492-24506/amos.gltron D/FPS: 56.653712228828425
09-13 00:53:37.999  24492-24506/amos.gltron D/FPS: 15.475484333524976
09-13 00:53:38.059  24492-24505/amos.gltron I/AMOS: CPU Usage: 0.0 Temperature: 59.5 Time: 6568052206843
09-13 00:53:38.079  24492-24506/amos.gltron D/FPS: 12.360454027658271
09-13 00:53:38.099  24492-24506/amos.gltron D/FPS: 63.56247861122595
09-13 00:53:38.159  24492-24506/amos.gltron D/FPS: 16.76539612850455
09-13 00:53:38.199  24492-24506/amos.gltron D/FPS: 21.82507711399934
09-13 00:53:38.219  24492-24506/amos.gltron D/FPS: 58.97657014207338
09-13 00:53:38.299  24492-24506/amos.gltron D/FPS: 12.765456714978729
09-13 00:53:38.319  24492-24505/amos.gltron I/AMOS: CPU Usage: 0.0 Temperature: 60.5 Time: 6568311484552
09-13 00:53:38.329  24492-24506/amos.gltron D/FPS: 37.71939059194661
09-13 00:53:38.339  24492-24506/amos.gltron D/FPS: 78.90064885526598
09-13 00:53:38.369  24492-24506/amos.gltron D/FPS: 36.070563689487706
09-13 00:53:38.419  24492-24506/amos.gltron D/FPS: 19.545744391075008
09-13 00:53:38.439  24492-24506/amos.gltron D/FPS: 37.94999011023258
09-13 00:53:38.549  24492-24506/amos.gltron D/FPS: 9.510746377791822
09-13 00:53:38.569  24492-24505/amos.gltron I/AMOS: CPU Usage: 0.0 Temperature: 60.25 Time: 6568562670020
09-13 00:53:38.579  24492-24506/amos.gltron D/FPS: 35.24643088472736
09-13 00:53:38.589  24492-24506/amos.gltron D/FPS: 82.61475706098001
09-13 00:53:38.699  24492-24506/amos.gltron D/FPS: 9.01097510636127
09-13 00:53:38.709  24492-24506/amos.gltron D/FPS: 82.93450131650228
09-13 00:53:38.729  24492-24506/amos.gltron D/FPS: 62.27336775431463
09-13 00:53:38.759  24492-24506/amos.gltron D/FPS: 36.660740335788915
09-13 00:53:38.789  24492-24506/amos.gltron D/FPS: 32.14126109966311
09-13 00:53:38.799  24492-24506/amos.gltron D/FPS: 64.58166900990489
09-13 00:53:38.819  24492-24505/amos.gltron I/AMOS: CPU Usage: 0.0 Temperature: 60.75 Time: 6568814843197
09-13 00:53:38.899  24492-24506/amos.gltron D/FPS: 10.791142349789592
09-13 00:53:38.909  24492-24506/amos.gltron D/FPS: 52.15974464258135
09-13 00:53:38.939  24492-24506/amos.gltron D/FPS: 34.70853886283859
09-13 00:53:39.039  24492-24506/amos.gltron D/FPS: 10.387406856382404
09-13 00:53:39.049  24492-24506/amos.gltron D/FPS: 68.26497267592072
09-13 00:53:39.069  24492-24505/amos.gltron I/AMOS: CPU Usage: 0.0 Temperature: 60.0 Time: 6569065803613
09-13 00:53:39.139  24492-24506/amos.gltron D/FPS: 12.056545051613528
09-13 00:53:39.169  24492-24506/amos.gltron W/AudioTrack: AUDIO_OUTPUT_FLAG_FAST denied by client due to mismatching sample rate (22050 vs 48000)
09-13 00:53:39.179  24492-24506/amos.gltron E/GLTRON: Wall CRASH
09-13 00:53:39.199  24492-24506/amos.gltron D/FPS: 16.489037411878048
09-13 00:53:39.229  24492-24506/amos.gltron W/AudioTrack: AUDIO_OUTPUT_FLAG_FAST denied by client due to mismatching sample rate (22050 vs 48000)
09-13 00:53:39.239  24492-24506/amos.gltron E/GLTRON: Wall CRASH
09-13 00:53:39.249  24492-24506/amos.gltron D/FPS: 19.959436437328417
09-13 00:53:39.319  24492-24505/amos.gltron I/AMOS: CPU Usage: 0.0 Temperature: 59.0 Time: 6569318393978
09-13 00:53:39.349  24492-24506/amos.gltron D/FPS: 9.743383728484867
09-13 00:53:39.379  24492-24506/amos.gltron D/FPS: 37.56184416785322
09-13 00:53:39.389  24492-24506/amos.gltron D/FPS: 62.48718622137548
09-13 00:53:39.449  24492-24506/amos.gltron D/FPS: 16.751047275475663
09-13 00:53:39.499  24492-24506/amos.gltron D/FPS: 23.805095494973756
09-13 00:53:39.529  24492-24506/amos.gltron D/FPS: 29.8984847776798
09-13 00:53:39.579  24492-24505/amos.gltron I/AMOS: CPU Usage: 0.0 Temperature: 60.25 Time: 6569576926738
09-13 00:53:39.589  24492-24506/amos.gltron D/FPS: 15.900621370842178
09-13 00:53:39.659  24492-24506/amos.gltron D/FPS: 14.102466036184897
09-13 00:53:39.679  24492-24506/amos.gltron D/FPS: 68.30528308578133
09-13 00:53:39.699  24492-24506/amos.gltron D/FPS: 47.38833412945735
09-13 00:53:39.779  24492-24506/amos.gltron D/FPS: 12.619059565090675
09-13 00:53:39.789  24492-24506/amos.gltron D/FPS: 67.40555285596317
09-13 00:53:39.809  24492-24506/amos.gltron D/FPS: 54.61201467599593
09-13 00:53:39.839  24492-24505/amos.gltron I/AMOS: CPU Usage: 0.0 Temperature: 60.0 Time: 6569833849342
09-13 00:53:39.919  24492-24506/amos.gltron D/FPS: 9.495760223774047
09-13 00:53:39.929  24492-24506/amos.gltron D/FPS: 62.66359506433953
09-13 00:53:39.949  24492-24506/amos.gltron D/FPS: 56.20625537402059
09-13 00:53:40.069  24492-24506/amos.gltron D/FPS: 8.307804143517316
09-13 00:53:40.089  24492-24506/amos.gltron D/FPS: 50.83130274986673
09-13 00:53:40.089  24492-24505/amos.gltron I/AMOS: CPU Usage: 0.0 Temperature: 60.0 Time: 6570088129967
09-13 00:53:40.119  24492-24506/amos.gltron D/FPS: 33.65516080856524
09-13 00:53:40.249  24492-24506/amos.gltron D/FPS: 7.791129540352808
09-13 00:53:40.269  24492-24506/amos.gltron D/FPS: 55.25593332686471
09-13 00:53:40.289  24492-24506/amos.gltron D/FPS: 43.300294775416745
09-13 00:53:40.349  24492-24505/amos.gltron I/AMOS: CPU Usage: 0.0 Temperature: 59.75 Time: 6570341870176
09-13 00:53:40.359  24492-24506/amos.gltron D/FPS: 14.139594504143226
09-13 00:53:40.399  24492-24506/amos.gltron D/FPS: 23.383380627000097
09-13 00:53:40.419  24492-24506/amos.gltron D/FPS: 58.905643879332494
09-13 00:53:40.439  24492-24506/amos.gltron D/FPS: 44.713866355708554
09-13 00:53:40.519  24492-24506/amos.gltron D/FPS: 12.538014004660731
09-13 00:53:40.539  24492-24506/amos.gltron D/FPS: 66.46680099607148
09-13 00:53:40.559  24492-24506/amos.gltron D/FPS: 43.89484585842033
09-13 00:53:40.599  24492-24505/amos.gltron I/AMOS: CPU Usage: 0.0 Temperature: 60.25 Time: 6570592990280
09-13 00:53:40.629  24492-24506/amos.gltron D/FPS: 14.425482580357043
09-13 00:53:40.679  24492-24506/amos.gltron D/FPS: 21.466064824038266
09-13 00:53:40.689  24492-24506/amos.gltron D/FPS: 55.91489573940796
09-13 00:53:40.709  24492-24506/amos.gltron D/FPS: 46.77268475210477
09-13 00:53:40.809  24492-24506/amos.gltron D/FPS: 11.04354596068723
09-13 00:53:40.839  24492-24506/amos.gltron D/FPS: 32.11835691607631
09-13 00:53:40.849  24492-24505/amos.gltron I/AMOS: CPU Usage: 0.0 Temperature: 60.0 Time: 6570844178144
09-13 00:53:40.849  24492-24506/amos.gltron D/FPS: 55.87681620606476
09-13 00:53:40.879  24492-24506/amos.gltron D/FPS: 46.92563642777091
09-13 00:53:40.979  24492-24506/amos.gltron D/FPS: 9.696969696969697
09-13 00:53:41.019  24492-24506/amos.gltron D/FPS: 23.265141652141462
09-13 00:53:41.039  24492-24506/amos.gltron D/FPS: 69.53901267258105
09-13 00:53:41.049  24492-24506/amos.gltron D/FPS: 56.839545090384824
09-13 00:53:41.119  24492-24505/amos.gltron I/AMOS: CPU Usage: 0.0 Temperature: 59.25 Time: 6571113098978
09-13 00:53:41.119  24492-24506/amos.gltron D/FPS: 14.962920013840701
09-13 00:53:41.139  24492-24506/amos.gltron D/FPS: 66.60699567947061
09-13 00:53:41.149  24492-24506/amos.gltron D/FPS: 61.61666730850695
09-13 00:53:41.209  24492-24506/amos.gltron D/FPS: 16.988414207302075
09-13 00:53:41.249  24492-24506/amos.gltron D/FPS: 23.577375913979925
09-13 00:53:41.259  24492-24506/amos.gltron D/FPS: 84.02846581919478
09-13 00:53:41.299  24492-24506/amos.gltron D/FPS: 31.404670948609805
09-13 00:53:41.369  24492-24505/amos.gltron I/AMOS: CPU Usage: 0.0 Temperature: 59.25 Time: 6571368811998
09-13 00:53:41.399  24492-24506/amos.gltron D/FPS: 9.77147481172249
09-13 00:53:41.409  24492-24506/amos.gltron D/FPS: 73.08939746927962
09-13 00:53:41.429  24492-24506/amos.gltron D/FPS: 69.58437669307486
09-13 00:53:41.489  24492-24506/amos.gltron D/FPS: 16.529267133618465
09-13 00:53:41.529  24492-24506/amos.gltron D/FPS: 26.392152388499028
09-13 00:53:41.539  24492-24506/amos.gltron D/FPS: 72.68569650886965
09-13 00:53:41.549  24492-24506/amos.gltron D/FPS: 74.7177704336851
09-13 00:53:41.599  24492-24506/amos.gltron D/FPS: 20.74184537460374
09-13 00:53:41.609  24492-24506/amos.gltron D/FPS: 75.37391681086325
09-13 00:53:41.629  24492-24505/amos.gltron I/AMOS: CPU Usage: 0.0 Temperature: 60.0 Time: 6571623089810
09-13 00:53:41.629  24492-24506/amos.gltron D/FPS: 59.945299913828634
09-13 00:53:41.729  24492-24506/amos.gltron D/FPS: 10.34891469379269
09-13 00:53:41.739  24492-24506/amos.gltron D/FPS: 80.74080007027679
09-13 00:53:41.759  24492-24506/amos.gltron D/FPS: 62.4390243902439
09-13 00:53:41.809  24492-24506/amos.gltron D/FPS: 18.217183033630615
09-13 00:53:41.869  24492-24506/amos.gltron D/FPS: 16.86945153195707
09-13 00:53:41.879  24492-24505/amos.gltron I/AMOS: CPU Usage: 0.0 Temperature: 59.25 Time: 6571876240748
09-13 00:53:41.879  24492-24506/amos.gltron D/FPS: 75.41033970774421
09-13 00:53:41.899  24492-24506/amos.gltron D/FPS: 80.62043552287956
09-13 00:53:41.989  24492-24506/amos.gltron D/FPS: 10.676851300886781
09-13 00:53:42.019  24492-24506/amos.gltron D/FPS: 34.875293275059974
09-13 00:53:42.039  24492-24506/amos.gltron D/FPS: 41.05011278723739
09-13 00:53:42.119  24492-24506/amos.gltron D/FPS: 13.201837574333442
09-13 00:53:42.129  24492-24505/amos.gltron I/AMOS: CPU Usage: 0.0 Temperature: 59.5 Time: 6572127229966
09-13 00:53:42.159  24492-24506/amos.gltron D/FPS: 26.8030268872688
09-13 00:53:42.169  24492-24506/amos.gltron D/FPS: 68.99847948050768
09-13 00:53:42.189  24492-24506/amos.gltron D/FPS: 52.248452048173284
09-13 00:53:42.259  24492-24506/amos.gltron D/FPS: 14.036011239588648
09-13 00:53:42.269  24492-24506/amos.gltron D/FPS: 71.70466511985363
09-13 00:53:42.289  24492-24506/amos.gltron D/FPS: 72.69835728610926
09-13 00:53:42.359  24492-24506/amos.gltron D/FPS: 14.236131466801869
09-13 00:53:42.379  24492-24505/amos.gltron I/AMOS: CPU Usage: 0.0 Temperature: 60.0 Time: 6572378222518
09-13 00:53:42.389  24492-24506/amos.gltron D/FPS: 30.423938723266712
09-13 00:53:42.409  24492-24506/amos.gltron D/FPS: 45.521254784283876
09-13 00:53:42.479  24492-24506/amos.gltron D/FPS: 15.944234974400096
09-13 00:53:42.519  24492-24506/amos.gltron D/FPS: 21.46472123884583
09-13 00:53:42.539  24492-24506/amos.gltron D/FPS: 67.6244452090515
09-13 00:53:42.549  24492-24506/amos.gltron D/FPS: 80.56800443124024
09-13 00:53:42.609  24492-24506/amos.gltron D/FPS: 15.493341937715712
09-13 00:53:42.629  24492-24506/amos.gltron D/FPS: 68.75362331594874
09-13 00:53:42.639  24492-24505/amos.gltron I/AMOS: CPU Usage: 0.0 Temperature: 60.25 Time: 6572630756633
09-13 00:53:42.639  24492-24506/amos.gltron D/FPS: 65.47091461165469
09-13 00:53:42.709  24492-24506/amos.gltron D/FPS: 14.811317807823656
09-13 00:53:42.739  24492-24506/amos.gltron D/FPS: 29.96493144143546
09-13 00:53:42.759  24492-24506/amos.gltron D/FPS: 59.6486313860123
09-13 00:53:42.779  24492-24506/amos.gltron D/FPS: 61.913512642708326
09-13 00:53:42.819  24492-24506/amos.gltron W/AudioTrack: AUDIO_OUTPUT_FLAG_FAST denied by client due to mismatching sample rate (22050 vs 48000)
09-13 00:53:42.819  24492-24506/amos.gltron E/GLTRON: Wall CRASH
09-13 00:53:42.819  24492-24506/amos.gltron D/FPS: 21.6149282377898
09-13 00:53:42.839  24492-24506/amos.gltron D/FPS: 57.90143207611954
09-13 00:53:42.859  24492-24506/amos.gltron D/FPS: 56.639339884352665
09-13 00:53:42.879  24492-24506/amos.gltron D/FPS: 41.50059339623468
09-13 00:53:42.889  24492-24505/amos.gltron I/AMOS: CPU Usage: 0.0 Temperature: 60.0 Time: 6572881641425
09-13 00:53:42.939  24492-24506/amos.gltron D/FPS: 19.02619555142814
09-13 00:53:42.969  24492-24506/amos.gltron D/FPS: 27.67152756710906
09-13 00:53:42.989  24492-24506/amos.gltron D/FPS: 43.00911556699885
09-13 00:53:43.099  24492-24506/amos.gltron D/FPS: 9.837768991535121
09-13 00:53:43.129  24492-24506/amos.gltron D/FPS: 31.092513504178196
09-13 00:53:43.139  24492-24505/amos.gltron I/AMOS: CPU Usage: 0.0 Temperature: 58.75 Time: 6573132701581
09-13 00:53:43.139  24492-24506/amos.gltron D/FPS: 72.69725801209202
09-13 00:53:43.169  24492-24506/amos.gltron D/FPS: 31.379470715563958
09-13 00:53:43.229  24492-24506/amos.gltron D/FPS: 17.123501421790007
09-13 00:53:43.249  24492-24506/amos.gltron D/FPS: 73.62753669872532
09-13 00:53:43.259  24492-24506/amos.gltron D/FPS: 55.93362647401187
09-13 00:53:43.319  24492-24506/amos.gltron D/FPS: 17.22050330984962
09-13 00:53:43.359  24492-24506/amos.gltron D/FPS: 26.12735418238717
09-13 00:53:43.379  24492-24506/amos.gltron D/FPS: 61.134036374751645
09-13 00:53:43.389  24492-24505/amos.gltron I/AMOS: CPU Usage: 0.0 Temperature: 60.25 Time: 6573383911112
09-13 00:53:43.389  24492-24506/amos.gltron D/FPS: 57.144728224529864
09-13 00:53:43.479  24492-24506/amos.gltron D/FPS: 11.08941356453075
09-13 00:53:43.499  24492-24506/amos.gltron D/FPS: 73.53701419426156
09-13 00:53:43.509  24492-24506/amos.gltron D/FPS: 67.88554253141251
09-13 00:53:43.569  24492-24506/amos.gltron D/FPS: 17.316907599976872
09-13 00:53:43.619  24492-24506/amos.gltron D/FPS: 21.006863152260475
09-13 00:53:43.639  24492-24506/amos.gltron D/FPS: 51.676664895535104
09-13 00:53:43.639  24492-24505/amos.gltron I/AMOS: CPU Usage: 0.0 Temperature: 59.75 Time: 6573635088039
09-13 00:53:43.659  24492-24506/amos.gltron D/FPS: 48.763515722698465
09-13 00:53:43.699  24492-24506/amos.gltron D/FPS: 22.44039270687237
09-13 00:53:43.739  24492-24506/amos.gltron D/FPS: 26.101071073112127
09-13 00:53:43.759  24492-24506/amos.gltron D/FPS: 61.5402376843984
09-13 00:53:43.779  24492-24506/amos.gltron D/FPS: 46.00135519992419
09-13 00:53:43.809  24492-24506/amos.gltron D/FPS: 33.23110117368262
09-13 00:53:43.819  24492-24506/amos.gltron D/FPS: 65.74082115150439
09-13 00:53:43.839  24492-24506/amos.gltron D/FPS: 52.12943258520126
09-13 00:53:43.859  24492-24506/amos.gltron D/FPS: 47.12824509779064
09-13 00:53:43.899  24492-24505/amos.gltron I/AMOS: CPU Usage: 0.0 Temperature: 60.0 Time: 6573895787674
09-13 00:53:43.909  24492-24506/amos.gltron D/FPS: 22.978820834455657
09-13 00:53:43.919  24492-24506/amos.gltron D/FPS: 66.40956425231597
09-13 00:53:43.939  24492-24506/amos.gltron D/FPS: 65.48363924015405
09-13 00:53:44.009  24492-24506/amos.gltron D/FPS: 13.591736898116096
09-13 00:53:44.079  24492-24506/amos.gltron D/FPS: 14.93131579801597
09-13 00:53:44.099  24492-24506/amos.gltron D/FPS: 60.71107604979012
09-13 00:53:44.109  24492-24506/amos.gltron D/FPS: 71.06294748782176
09-13 00:53:44.149  24492-24505/amos.gltron I/AMOS: CPU Usage: 0.0 Temperature: 60.25 Time: 6574147910278
09-13 00:53:44.159  24492-24506/amos.gltron D/FPS: 21.430365915568775
09-13 00:53:44.199  24492-24506/amos.gltron D/FPS: 23.47483911577699
09-13 00:53:44.209  24492-24506/amos.gltron D/FPS: 67.65470957626029
09-13 00:53:44.229  24492-24506/amos.gltron D/FPS: 69.12392066454079
09-13 00:53:44.279  24492-24506/amos.gltron D/FPS: 17.828158728090663
09-13 00:53:44.329  24492-24506/amos.gltron D/FPS: 20.363120873082654
09-13 00:53:44.349  24492-24506/amos.gltron D/FPS: 56.09246011882178
09-13 00:53:44.359  24492-24506/amos.gltron D/FPS: 72.28752275430497
09-13 00:53:44.399  24492-24505/amos.gltron I/AMOS: CPU Usage: 0.0 Temperature: 60.0 Time: 6574398908142
09-13 00:53:44.439  24492-24506/amos.gltron D/FPS: 13.016022658812885
09-13 00:53:44.479  24492-24506/amos.gltron D/FPS: 25.387657470436263
09-13 00:53:44.489  24492-24506/amos.gltron D/FPS: 76.09264279259999
09-13 00:53:44.509  24492-24506/amos.gltron D/FPS: 63.95160960765496
09-13 00:53:44.559  24492-24506/amos.gltron D/FPS: 18.26433645391698
09-13 00:53:44.629  24492-24506/amos.gltron D/FPS: 15.119110087970693
09-13 00:53:44.649  24492-24506/amos.gltron D/FPS: 57.133846319094815
09-13 00:53:44.659  24492-24505/amos.gltron I/AMOS: CPU Usage: 0.0 Temperature: 59.5 Time: 6574650291320
09-13 00:53:44.659  24492-24506/amos.gltron D/FPS: 65.30634422399345
09-13 00:53:44.729  24492-24506/amos.gltron D/FPS: 15.393595060675626
09-13 00:53:44.769  24492-24506/amos.gltron D/FPS: 22.90685623281356
09-13 00:53:44.789  24492-24506/amos.gltron D/FPS: 75.72978522124154
09-13 00:53:44.799  24492-24506/amos.gltron D/FPS: 82.33028969229713
09-13 00:53:44.829  24492-24506/amos.gltron D/FPS: 28.480519566700792
09-13 00:53:44.899  24492-24506/amos.gltron D/FPS: 14.634347081873143
09-13 00:53:44.909  24492-24505/amos.gltron I/AMOS: CPU Usage: 0.0 Temperature: 59.25 Time: 6574901107205
09-13 00:53:44.919  24492-24506/amos.gltron D/FPS: 64.69765813886835
09-13 00:53:44.929  24492-24506/amos.gltron D/FPS: 66.71531547471082
09-13 00:53:44.979  24492-24506/amos.gltron D/FPS: 22.95030957328329
09-13 00:53:45.019  24492-24506/amos.gltron D/FPS: 20.19076109942167
09-13 00:53:45.039  24492-24506/amos.gltron D/FPS: 68.88435721664213
09-13 00:53:45.049  24492-24506/amos.gltron D/FPS: 70.65837495347147
09-13 00:53:45.079  24492-24506/amos.gltron D/FPS: 37.42536820199998
09-13 00:53:45.109  24492-24506/amos.gltron D/FPS: 36.29201440313917
09-13 00:53:45.119  24492-24506/amos.gltron D/FPS: 71.88857615760736
09-13 00:53:45.139  24492-24506/amos.gltron D/FPS: 64.85456525877133
09-13 00:53:45.159  24492-24505/amos.gltron I/AMOS: CPU Usage: 0.0 Temperature: 60.0 Time: 6575155054757
09-13 00:53:45.169  24492-24506/amos.gltron D/FPS: 32.47390283509512
09-13 00:53:45.209  24492-24506/amos.gltron D/FPS: 25.015993349948456
09-13 00:53:45.219  24492-24506/amos.gltron D/FPS: 59.360208549033494
09-13 00:53:45.239  24492-24506/amos.gltron D/FPS: 63.118860704564284
09-13 00:53:45.269  24492-24506/amos.gltron D/FPS: 29.153677488608928
